border_size=1
usage=map

Ha          , Ha          , Ha          , Ha          , Ha          , Ha          , Ha          , Ha          , Ha          , Ha          , Ha          , Ha          , Ha          , Ha          , Ha          , Ha          , Ha          , Mm          , Rp          , Rp          , Rp          , Rp          , Ur          , Uh          , Ql          , Uh          , Uh          , Mm          , Mm          , Ha          , Ha          , Ha          , Ha          , Ha          , Ha          , Ha          , Ha          , Ha          , Ha          , Ha          , Ha          , Ha          , Ha          , Ha          , Ha          , Ha          
Ha          , Ha          , Ha          , Ha          , Ha          , Ha          , Ha          , Ha          , Aa          , Ha          , Aa          , Ha          , Aa          , Ha          , Aa          , Ha          , Aa^Vca      , Rp          , Rp          , Rp          , Rp          , Rp          , Ur          , Uh          , Uh          , Uh          , Ur          , Aa          , Aa          , Aa          , Aa          , Ha          , Aa          , Ha          , Aa          , Ha          , Ha          , Ha          , Ha          , Ha          , Ha          , Ha          , Ha          , Ha          , Ha          , Ha          
Ha          , Ha          , Ha          , Ha          , Aa          , Aa          , Aa          , Aa          , Aa          , Aa          , Aa          , Aa          , Aa          , Aa          , Aa          , Aa          , Aa          , Aa          , Rd          , Rp          , Chr         , Chr         , 2 Khr       , Ur^Dr       , Ur^Dr       , Ur          , Chr         , Aa          , Aa          , Aa          , Aa          , Aa          , Aa          , Aa          , Aa          , Aa          , Aa          , Aa          , Aa          , Aa          , Aa          , Aa          , Ha          , Ha          , Ha          , Ha          
Ha          , Ha          , Ha          , Ha          , Aa          , Aa          , Aa          , Aa          , Aa          , Aa          , Aa          , Aa          , Aa          , Aa          , Aa          , Aa          , Aa          , Aa          , Rd          , Rd          , Chr         , Chr         , Chr         , Rp^Dr       , Aa          , Aa          , Aa          , Aa          , Aa          , Aa          , Aa          , Aa          , Aa          , Aa          , Aa          , Aa          , Aa          , Aa          , Aa          , Aa          , Aa          , Aa          , Aa          , Ha          , Ha          , Ha          
Ha          , Ha          , Aa          , Aa          , Aa          , Aa          , Tyb         , Tyb         , Tyb         , Aa^Fpa      , Tyb         , Aa          , Aa          , Aa          , Aa          , Aa          , Aa          , Aa^Vca      , Re          , Rd          , Aa          , Aa          , Aa          , Aa          , Aa          , Aa          , Aa          , Aa          , Aa          , Aa          , Aa          , Aa          , Aa          , Aa          , Aa          , Aa          , Aa          , Aa          , Aa          , Aa          , Aa          , Aa          , Aa          , Ha          , Ha          , Ha          
Ha          , Ha          , Aa          , Aa          , Aa          , Tyb         , Tyb         , Tyb         , Tyb         , Tyb         , Aa^Fpa      , Aa^Fpa      , Aa          , Aa^Fpa      , Aa          , Aa          , Aa          , Aa          , Re          , Re          , Aa          , Aa          , Aa          , Aa          , Aa          , Aa          , Aa          , Aa          , Aa^Fpa      , Aa          , Aa          , Aa          , Aa          , Aa          , Aa          , Aa          , Dyb         , Dyb         , Dyb         , Aa          , Aa          , Aa          , Aa          , Ha          , Ha          , Ha          
Ha          , Ha          , Aa          , Aa          , Aa          , Tyb         , Tyb         , Tyb         , Aa^Fpa      , Tyb         , Tyb         , Aa^Fpa      , Aa          , Aa          , Aa          , Aa          , Aa          , Aa          , Re          , Re          , Aa          , Aa          , Aa          , Aa^Fpa      , Aa          , Aa          , Aa          , Aa          , Aa^Fpa      , Tyb         , Tyb         , Aa          , Aa          , Aa          , Aa          , Aa          , Aa          , Dyb         , Aa          , Aa          , Aa          , Aa          , Aa          , Ha          , Ha          , Ha          
Ha          , Ha          , Aa          , Aa          , Aa          , Aa^Fpa      , Aa          , Aa^Fpa      , Aa          , Aa^Fpa      , Aa^Fpa      , Aa^Fpa      , Aa          , Aa          , Aa          , Aa          , Aa          , Aa          , Aa          , Re          , Aa          , Aa          , Aa          , Aa          , Aa          , Aa          , Aa          , Aa          , Aa          , Tyb         , Aa          , Aa          , Aa          , Aa          , Aa          , Aa          , Aa          , Aa          , Aa          , Aa          , Aa          , Aa          , Aa          , Aa          , Ha          , Ha          
Ha          , Ha          , Aa          , Aa          , Aa          , Aa          , Aa          , Aa          , Dyb         , Aa          , Aa          , Aa          , Aa          , Aa          , Aa          , Aa          , Aa          , Aa          , Aa          , Re          , Aa          , Aa          , Aa          , Aa          , Aa          , Aa          , Aa          , Aa          , Aa          , Aa          , Aa          , Aa          , Aa          , Aa          , Aa          , Aa          , Aa          , Aa          , Aa          , Aa          , Aa          , Aa          , Aa          , Aa          , Ha          , Ha          
Ha          , Ha          , Aa          , Aa          , Aa          , Aa          , Dyb         , Aa          , Aa          , Aa          , Aa          , Aa          , Aa          , Aa          , Aa          , Aa          , Aa          , Aa          , Aa          , Re          , Re          , Aa          , Aa          , Aa          , Aa          , Aa          , Aa          , Aa          , Aa          , Aa          , Aa          , Aa          , Aa          , Aa          , Aa          , Aa          , Aa          , Aa          , Aa          , Aa          , Aa          , Aa          , Aa          , Aa          , Ha          , Ha          
Ha          , Ha          , Aa          , Aa          , Aa          , Aa          , Aa          , Aa          , Dyb         , Dyb         , Dyb         , Aa          , Aa          , Aa          , Aa          , Aa          , Aa          , Aa          , Aa          , Aa          , Re          , Re          , Re          , Aa          , Aa          , Aa          , Aa          , Aa          , Aa          , Aa          , Aa          , Aa          , Aa^Fpa      , Aa          , Aa          , Aa          , Aa          , Aa          , Aa          , Aa          , Aa          , Aa          , Aa          , Aa          , Ha          , Ha          
Ha          , Ha          , Aa          , Aa          , Aa          , Aa          , Aa          , Aa          , Aa          , Dyb         , Aa          , Aa          , Aa          , Aa          , Aa          , Aa          , Aa          , Aa          , Re          , Re          , Ha          , Ha          , Ha          , Re          , Re          , Aa          , Aa          , Aa          , Aa          , Aa          , Aa          , Aa^Fpa      , Tyb         , Aa^Fpa      , Aa^Fpa      , Aa          , Aa          , Aa          , Aa          , Aa          , Aa          , Aa          , Aa          , Aa          , Aa          , Ha          
Ha          , Ha          , Aa          , Aa          , Aa          , Aa          , Aa          , Aa          , Aa          , Aa          , Aa          , Aa          , Aa          , Aa          , Aa          , Aa          , Aa          , Aa          , Re          , Re          , Ha          , Ha          , Aa          , Re          , Re          , Aa          , Aa          , Aa          , Aa          , Aa          , Aa          , Aa^Fpa      , Tyb         , Tyb         , Tyb         , Tyb         , Aa^Fpa      , Aa          , Aa          , Aa          , Aa          , Aa          , Aa          , Aa          , Aa          , Ha          
Aa          , Aa          , Aa          , Aa          , Dyb         , Aa          , Aa          , Aa          , Aa          , Aa          , Aa          , Aa          , Aa          , Aa          , Aa          , Aa          , Re          , Re          , Aa          , Aa          , Aa          , Ha          , Aa          , Aa          , Re          , Aa          , Aa          , Aa          , Aa          , Aa          , Aa          , Tyb         , Tyb         , Tyb         , Tyb         , Tyb         , Aa^Fpa      , Aa^Fpa      , Aa          , Aa          , Aa          , Aa          , Aa          , Aa          , Aa          , Ha          
Aa          , Aa          , Aa          , Aa          , Aa          , Aa          , Aa          , Aa          , Aa          , Aa          , Aa          , Aa          , Aa          , Aa          , Aa          , Aa          , Re          , Re          , Aa          , Aa          , Aa          , Aa          , Aa          , Aa          , Re          , Aa          , Aa          , Aa          , Aa          , Aa          , Aa          , Aa          , Aa^Fpa      , Tyb         , Tyb         , Tyb         , Aa          , Aa          , Aa          , Aa          , Aa          , Aa          , Aa          , Aa          , Aa          , Ha          
Aa          , Aa          , Aa          , Aa          , Aa          , Aa          , Aa          , Aa          , Aa          , Aa          , Aa          , Aa          , Aa          , Aa          , Aa          , Aa          , Re          , Aa          , Aa          , Aa          , Aa          , Aa          , Aa          , Aa          , Re          , Aa          , Aa          , Aa          , Aa          , Aa          , Aa          , Aa          , Aa^Fpa      , Aa^Fpa      , Aa          , Aa          , Aa          , Aa          , Aa          , Aa          , Aa          , Aa          , Aa          , Aa          , Aa          , Ha          
Aa          , Aa          , Aa          , Aa          , Aa          , Aa          , Aa          , Aa          , Ha          , Aa          , Aa          , Aa          , Aa          , Aa          , Aa          , Aa          , Aa          , Aa          , Aa          , Aa          , Aa          , Aa          , Aa          , Aa          , Re          , Aa          , Aa          , Aa          , Aa          , Aa          , Aa          , Aa          , Aa          , Aa          , Aa          , Aa          , Aa          , Aa          , Aa          , Aa          , Aa          , Aa          , Aa          , Aa          , Aa          , Aa          
Aa          , Aa          , Aa          , Aa          , Aa          , Aa          , Aa          , Ha          , Ha          , Ha          , Ha          , Aa          , Aa          , Aa          , Aa          , Aa          , Aa          , Aa          , Aa          , Aa          , Aa          , Aa          , Re          , Re          , Aa          , Aa          , Aa          , Tyb         , Aa          , Aa          , Aa          , Aa          , Aa          , Aa          , Aa          , Aa          , Aa          , Aa          , Aa          , Aa          , Aa          , Aa          , Aa          , Aa          , Aa          , Aa          
Ha          , Ha          , Aa          , Aa          , Aa          , Aa          , Aa          , Aa          , Aa          , Ha          , Aa          , Aa          , Aa          , Aa          , Aa          , Aa          , Aa          , Aa          , Aa          , Aa          , Aa          , Aa          , Aa          , Aa          , Aa          , Aa          , Aa          , Tyb         , Tyb         , Aa          , Aa^Fpa      , Aa          , Aa          , Aa          , Aa          , Aa          , Aa          , Aa          , Aa          , Aa          , Aa          , Aa          , Aa          , Aa          , Aa          , Aa          
Ha          , Ha          , Aa          , Aa          , Aa          , Dyb         , Aa          , Aa          , Aa          , Aa          , Aa          , Aa          , Aa          , Aa          , Aa          , Re          , Re          , Aa          , Aa          , Aa          , Aa          , Aa          , Aa          , Aa          , Aa          , Aa          , Aa          , Aa          , Tyb         , Aa^Fpa      , Tyb         , Aa^Fpa      , Aa^Fpa      , Aa          , Aa          , Aa          , Aa          , Aa          , Aa          , Aa          , Aa          , Aa          , Aa          , Aa          , Aa          , Aa          
Ha          , Ha          , Aa          , Aa          , Aa          , Aa          , Aa          , Aa          , Aa          , Aa          , Aa          , Aa          , Aa          , Aa          , Aa          , Aa          , Re          , Aa          , Aa          , Aa          , Aa          , Aa          , Aa          , Aa          , Aa          , Aa          , Aa          , Aa^Fpa      , Tyb         , Tyb         , Tyb         , Tyb         , Tyb         , Aa^Fpa      , Aa          , Aa          , Aa          , Aa          , Aa          , Aa          , Aa          , Aa          , Aa          , Aa          , Aa          , Aa          
Ha          , Ha          , Aa          , Aa          , Aa          , Dyb         , Aa          , Aa          , Aa          , Aa          , Aa          , Aa          , Aa          , Aa          , Re          , Re          , Aa          , Aa          , Aa          , Aa          , Aa          , Aa          , Aa          , Aa          , Aa          , Aa          , Aa          , Tyb         , Tyb         , Tyb         , Tyb         , Tyb         , Tyb         , Aa^Fpa      , Aa          , Aa          , Aa          , Aa          , Aa          , Aa          , Aa          , Aa          , Aa          , Aa          , Aa          , Aa          
Ha          , Ha          , Ha          , Aa          , Aa          , Aa          , Aa          , Aa          , Aa          , Aa          , Aa          , Aa          , Re          , Re          , Aa          , Aa          , Dyb         , Aa          , Aa          , Aa          , Aa          , Aa          , Aa          , Aa          , Aa          , Aa          , Aa          , Aa^Fpa      , Tyb         , Tyb         , Tyb         , Tyb         , Tyb         , Aa^Fpa      , Aa          , Aa          , Aa          , Aa          , Aa          , Aa          , Aa          , Aa          , Aa          , Aa          , Aa          , Aa          
Ha          , Ha          , Ha          , Aa          , Dyb         , Aa          , Aa          , Aa          , Aa          , Aa          , Re          , Re          , Aa          , Aa          , Aa          , Aa          , Aa          , Aa          , Ha          , Aa          , Aa          , Aa          , Aa          , Aa          , Aa          , Aa          , Aa          , Aa          , Aa          , Tyb         , Tyb         , Tyb         , Tyb         , Tyb         , Tyb         , Aa          , Aa          , Aa          , Aa          , Aa          , Aa          , Aa          , Aa          , Aa          , Aa          , Aa          
Aa          , Aa          , Aa          , Aa          , Aa          , Aa          , Aa          , Aa          , Aa          , Aa          , Re          , Re          , Aa          , Aa          , Ms          , Ms          , Ms          , Ms          , Ha          , Ha          , Aa          , Aa          , Aa          , Aa          , Aa          , Aa          , Aa          , Aa          , Aa^Fpa      , Aa^Fpa      , Aa          , Tyb         , Tyb         , Tyb         , Tyb         , Aa^Fpa      , Aa^Fpa      , Aa          , Aa          , Aa          , Aa          , Aa          , Aa          , Aa          , Aa          , Aa          
Aa          , Aa          , Aa          , Aa          , Aa          , Aa          , Aa          , Aa          , Aa          , Re          , Ms          , Ms          , Ms          , Ms          , Ha          , Ha          , Ha          , Ha          , Aa          , Aa          , Tyb         , Aa          , Aa          , Aa          , Aa          , Aa          , Aa          , Aa          , Aa^Fpa      , Aa^Fpa      , Aa          , Aa          , Aa          , Tyb         , Aa^Fpa      , Tyb         , Aa^Fpa      , Aa          , Aa          , Aa          , Aa          , Aa          , Aa          , Aa          , Aa          , Aa          
Aa          , Aa          , Aa          , Aa          , Dyb         , Dyb         , Dyb         , Aa          , Re          , Re          , Ms          , Aa          , Rp          , Re          , Aa          , Ha          , Aa^Vca      , Ha          , Aa          , Tyb         , Tyb         , Aa          , Aa          , Aa          , Aa          , Aa          , Aa          , Aa          , Aa          , Aa          , Aa          , Aa          , Aa          , Aa          , Aa          , Aa          , Aa          , Aa          , Aa          , Aa          , Aa          , Aa          , Aa          , Aa          , Aa          , Aa          
Aa          , Aa          , Aa          , Aa          , Aa          , Dyb         , Dyb         , Aa          , Aa          , Re          , Ms          , Rp          , Ms          , Rp          , Rp          , Aa          , Aa          , Aa          , Aa          , Tyb         , Rp          , Tyb         , Rp          , Aa          , Re          , Aa          , Aa          , Aa          , Aa          , Aa          , Aa          , Aa          , Aa          , Aa          , Aa          , Aa          , Aa          , Aa          , Aa          , Aa          , Aa          , Aa          , Aa          , Aa          , Aa          , Aa          
Aa          , Aa          , Ha          , Aa          , Aa          , Aa          , Aa          , Aa          , Aa          , Re          , Re          , Rp          , Ms          , Re          , Aa          , Rp          , Rp          , Rp          , Rp          , Rp          , Rp          , Rp          , Aa          , Rp          , Re          , Aa          , Aa          , Aa          , Aa          , Aa          , Aa          , Aa          , Aa          , Aa          , Aa          , Aa          , Aa          , Aa          , Aa          , Aa          , Aa          , Aa          , Aa          , Aa          , Aa          , Aa          
Aa          , Aa          , Aa          , Ha          , Ha          , Aa          , Ha          , Aa          , Aa          , Aa          , Ms          , Ms          , Ha          , Ha          , Ha          , Aa^Vca      , Aa          , Rp          , Chr         , Aa          , Tyb         , Tyb         , Tyb         , Aa          , Aa          , Re          , Aa          , Aa          , Aa          , Aa          , Aa          , Aa          , Aa          , Aa          , Aa          , Aa          , Aa          , Aa          , Aa          , Aa          , Aa          , Aa          , Aa          , Aa          , Aa          , Aa          
Aa          , Aa          , Aa          , Aa          , Ha          , Ha          , Ha          , Ha          , Aa          , Aa          , Ms          , Ha          , Ha          , Ha          , Ha          , Ha          , Ha          , Aa          , Aa          , Aa          , Tyb         , Tyb         , Tyb         , Aa          , Aa          , Re          , Aa          , Aa          , Aa          , Aa          , Re          , Re          , Re          , Aa          , Aa          , Aa          , Aa          , Aa          , Aa          , Aa          , Aa          , Aa          , Aa          , Ms          , Ms          , Aa          
Aa          , Aa          , Aa          , Aa          , Ha          , Ha          , Ha          , Ha          , Ms          , Ms          , Mm^Xm       , Ms          , Ms          , Ha          , Ha          , Ha          , Ha          , Ha          , Aa^Fpa      , Aa^Vca      , Aa          , Tyb         , Aa          , Aa          , Aa          , Aa          , Aa          , Aa          , Aa          , Aa          , Aa          , Re          , Aa          , Re          , Re          , Re          , Aa          , Aa          , Aa          , Aa          , Ha          , Ha          , Ha          , Ms          , Ms          , Ms          
Aa          , Aa          , Aa          , Ha          , Ha          , Ha          , Ms          , Ms          , Ms          , Mm^Xm       , Mm^Xm       , Mm^Xm       , Ms          , Ms          , Ms          , Ms          , Ms          , Ha          , Ms          , Aa^Fpa      , Ms          , Aa          , Aa          , Aa          , Aa          , Aa          , Aa          , Tyb         , Tyb         , Aa          , Aa          , Aa          , Aa          , Aa          , Aa          , Re          , Aa          , Aa          , Aa          , Aa          , Ha          , Ha          , Aa^Vca      , Ms          , Ms          , Ms          
Ha          , Ha          , Ha          , Ha          , Ms          , Ms          , Ms          , Ms          , Mm^Xm       , Mm^Xm       , Mm^Xm       , Mm^Xm       , Ms          , Ha          , Ha          , Ms          , Aa          , Ms          , Aa          , Ms          , Aa          , Aa          , Aa          , Aa          , Aa          , Aa          , Tyb         , Tyb         , Tyb         , Aa          , Tyb         , Tyb         , Tyb         , Aa          , Aa          , Aa          , Aa          , Aa          , Aa          , Aa          , Aa          , Aa          , Aa          , Aa          , Ms          , Ms          
Ha          , Ha          , Ha          , Ms          , Mm^Xm       , Mm^Xm       , Mm^Xm       , Mm^Xm       , Mm^Xm       , Mm^Xm       , Ms          , Ms          , Ha          , Ha          , Ha          , Aa          , Aa          , Aa          , Aa          , Aa          , Aa          , Aa          , Aa          , Tyb         , Tyb         , Tyb         , Tyb         , Tyb         , Tyb         , Tyb         , Ai          , Tyb         , Ai          , Ai          , Ai          , Aa          , Ai          , Aa          , Aa          , Aa          , Aa          , Aa          , Aa          , Aa          , Aa          , Aa          
Ha          , Ha          , Ha          , Ms          , Mm^Xm       , Mm^Xm       , Mm^Xm       , Mm^Xm       , Mm^Xm       , Mm^Xm       , Ms          , Ha          , Ha          , Ha          , Aa          , Aa          , Aa          , Aa          , Aa          , Aa          , Aa          , Aa          , Aa          , Tyb         , Tyb         , Tyb         , Tyb         , Tyb         , Ai          , Ai          , Wo          , Ai          , Wo          , Ai          , Ai          , Ai          , Ai          , Ai          , Aa          , Aa          , Aa          , Aa          , Aa          , Aa          , Aa          , Aa          
Ms          , Ms          , Ms          , Ms          , Mm^Xm       , Mm^Xm       , Mm^Xm       , Mm^Xm       , Ms          , Ms          , Aa          , Aa          , Aa          , Aa          , Aa          , Aa          , Aa          , Aa          , Aa          , Aa          , Aa          , Aa          , Aa          , Aa          , Aa          , Tyb         , Tyb         , Tyb         , Ai          , Wo          , Wo          , Wo          , Wo          , Wo          , Ai          , Ai          , Ai          , Aa          , Aa          , Aa          , Aa          , Aa          , Aa          , Aa          , Aa          , Aa          
Ms          , Ms          , Ha          , Ha          , Mm^Xm       , Mm^Xm       , Ms          , Ms          , Aa          , Aa          , Aa          , Aa          , Aa          , Aa          , Aa          , Aa          , Aa          , Aa          , Aa          , Aa          , Aa          , Aa          , Aa          , Aa          , Aa          , Aa          , Aa          , Ai          , Wo          , Wo          , Wo          , Wo          , Wo          , Wo          , Ai          , Ai          , Aa          , Aa          , Aa          , Aa          , Aa          , Aa          , Aa          , 3 Aa        , Aa          , Aa          
Ha          , Ha          , Ms          , Ms          , Ms          , Ms          , Aa          , Aa          , Aa          , Aa          , Aa          , Aa          , Aa          , Aa          , Aa          , Aa          , Aa          , Aa          , Aa          , Aa          , Ha          , Aa          , Ha          , Ha          , Ha          , Aa          , Ha          , Ai          , Ai          , Wo          , Wo          , Wo          , Ai          , Wo          , Ai          , Ai          , Aa          , Aa          , Aa          , Aa          , Aa          , Aa          , Aa          , Aa          , Aa          , Aa          
Ms          , Ms          , Ms          , Ms          , Aa          , Aa          , Aa          , Aa          , Aa          , Aa          , Aa          , Aa          , Aa          , Aa          , Aa          , Aa          , Ha          , Aa          , Ha          , Ha          , Ms          , Ha          , Ms          , Ha          , Ms          , Ha          , Ha          , Aa          , Aa          , Ai          , Ai          , Ai          , Aa          , Ai          , Aa          , Aa          , Re          , Re          , Aa          , Aa          , Aa          , Aa          , Aa          , Aa          , Aa          , Aa          
Ms          , Ms          , Aa          , Aa          , Dyb         , Dyb         , Aa          , Aa          , Aa          , Aa          , Aa          , Aa          , Aa          , Aa          , Aa          , Ha          , Ms          , Ha          , Ha          , Ha          , Ms          , Ms          , Ms          , Ms          , Ms          , Ms          , Ms          , Ha          , Ha          , Aa          , Aa          , Aa          , Aa          , Aa          , Aa          , Aa          , Re          , Re          , Aa          , Aa          , Aa          , Aa          , Aa          , Aa          , Aa          , Aa          
Aa          , Aa          , Aa          , Aa          , Dyb         , Dyb         , Dyb         , Aa          , Aa          , Aa          , Aa          , Aa          , Aa          , Aa          , Aa          , Ha          , Ha          , Ms          , Ms          , Ms          , Ms          , Ms          , Ms          , Ms          , Ms          , Ms          , Ms          , Ha          , Ha          , Ha          , Re          , Aa          , Aa          , Aa          , Aa          , Re          , Aa          , Aa          , Aa          , Aa          , Aa          , Aa          , Aa          , Aa          , Aa          , Aa          
Aa          , Aa          , Aa          , Aa          , Aa          , Dyb         , Aa          , Aa          , Aa          , Aa          , Aa          , Aa          , Aa          , Aa          , Aa          , Ha          , Ha          , Ha          , Ha          , Ms          , Ms          , Ms          , Ms          , Ms          , Ms          , Ms          , Ms          , Ms          , Ha          , Re          , Re          , Aa          , Aa          , Aa          , Aa          , Re          , Aa          , Aa          , Aa          , Aa          , Aa          , Aa          , Aa          , Aa          , Aa          , Aa          
Aa          , Aa          , Aa          , Aa          , Aa          , Aa          , Aa          , Aa          , Aa          , Aa          , Aa          , Aa          , Aa          , Aa          , Aa          , Ha          , Ha          , Ha          , Ha          , Ha          , Ha          , Ms          , Ms          , Ms          , Ms          , Ms          , Ha          , Ha          , Re          , Re          , Re          , Aa          , Aa          , Aa          , Aa          , Aa          , Aa          , Aa          , Aa          , Aa          , Dyb         , Aa          , Aa          , Aa          , Aa          , Aa          
Aa          , Aa          , Aa          , Aa          , Aa          , Aa          , Aa          , Aa          , Aa          , Aa          , Aa          , Aa          , Aa          , Aa          , Aa          , Aa          , Aa          , Ha          , Ha          , Ha          , Ha          , Ms          , Ha          , Ms          , Ms          , Ha          , Aa^Vca      , Aa          , Aa          , Aa          , Aa          , Aa          , Aa          , Aa          , Aa          , Aa          , Aa          , Aa          , Aa          , Dyb         , Aa          , Aa          , Aa          , Aa          , Aa          , Aa          
Aa          , Aa          , Aa          , Aa          , Aa          , Aa          , Aa          , Aa          , Aa          , Aa          , Aa          , Aa          , Aa          , Aa          , Aa          , Aa          , Aa          , Aa          , Aa          , Ha          , Ha          , Ha          , Aa          , Ha          , Ha          , Ha          , Aa          , Aa          , Aa          , Aa          , Aa          , Aa          , Aa          , Aa          , Aa          , Aa          , Dyb         , Aa          , Aa          , Aa          , Aa          , Aa          , Aa          , Aa          , Aa          , Aa          
Aa          , Aa          , Aa          , Aa          , Aa          , Aa          , Aa          , Dyb         , Aa          , Aa          , Aa          , Aa          , Aa          , Aa          , Aa          , Aa          , Aa          , Re          , Re          , Aa          , Aa          , Aa          , Aa          , Re          , Re          , Ha          , Aa          , Aa          , Aa          , Aa          , Aa          , Aa          , Aa          , Aa          , Aa          , Dyb         , Dyb         , Dyb         , Aa          , Aa          , Aa          , Aa          , Aa          , Aa          , Aa          , Aa          
Aa          , Aa          , Aa          , Aa          , Aa          , Aa          , Aa          , Aa          , Aa          , Aa          , Aa          , Aa          , Aa          , Aa          , Aa          , Aa          , Aa          , Re          , Re          , Aa          , Aa          , Aa          , Aa          , Aa          , Aa          , Re          , Aa          , Aa          , Aa          , Aa          , Dyb         , Aa          , Aa          , Aa          , Aa          , Aa          , Aa          , Aa          , Aa          , Aa          , Aa          , Dyb         , Aa          , Aa          , Aa          , Aa          
Aa          , Aa          , Aa          , Aa          , Aa          , Aa          , Aa          , Aa          , Aa          , Aa          , Aa          , Aa          , Aa          , Aa          , Aa          , Aa          , Aa          , Aa          , Aa          , Aa          , Aa          , Aa          , Aa          , Aa          , Aa          , Re          , Aa          , Aa          , Dyb         , Aa          , Aa          , Aa          , Aa          , Aa          , Aa          , Aa          , Aa          , Aa          , Aa          , Aa          , Aa          , Aa          , Aa          , Aa          , Aa          , Aa          
Aa          , Aa          , Aa          , Aa          , Aa          , Aa          , Dyb         , Dyb         , Dyb         , Aa          , Aa          , Aa          , Aa          , Re          , Re          , Aa          , Aa          , Aa          , Aa          , Aa          , Aa          , Aa          , Ha          , Aa^Fpa      , Ha          , Aa          , Aa          , Aa          , Aa          , Aa          , Aa          , Aa          , Aa          , Aa          , Aa          , Aa          , Aa          , Dyb         , Aa          , Aa          , Aa          , Aa          , Aa          , Aa          , Aa          , Aa          
Aa          , Aa          , Aa          , Aa          , Aa          , Aa          , Aa          , Dyb         , Aa          , Aa          , Aa          , Aa          , Aa          , Aa          , Re          , Re          , Aa          , Dyb         , Dyb         , Aa          , Ha^Fpa      , Ha          , Ha          , Ha          , Ha          , Ha          , Ha          , Aa          , Aa          , Dyb         , Aa          , Aa          , Aa          , Dyb         , Aa          , Aa          , Aa          , Aa          , Aa          , Aa          , Aa          , Aa          , Aa          , Aa          , Aa          , Aa          
Aa          , Aa          , Dyb         , Dyb         , Dyb         , Aa          , Aa          , Dyb         , Dyb         , Aa          , Aa          , Aa          , Aa          , Aa          , Aa          , Re          , Aa          , Aa          , Aa          , Aa          , Ha          , Ha          , Ha          , Ha          , Ha          , Ha          , Ha          , Aa          , Aa          , Aa          , Dyb         , Aa          , Aa          , Aa          , Aa          , Aa          , Aa          , Aa          , Aa          , Aa          , Aa          , Aa          , Aa          , Aa          , Aa          , Aa          
Aa          , Aa          , Aa          , Dyb         , Aa          , Aa          , Aa          , Aa          , Aa          , Aa          , Aa          , Aa          , Aa          , Aa          , Aa          , Aa          , Aa          , Aa          , Aa          , Aa          , Ha          , Ha          , Ha          , Ha          , Ha          , Ha          , Aa          , Aa          , Aa          , Dyb         , Dyb         , Dyb         , Aa          , Aa          , Aa          , Aa          , Aa          , Aa          , Aa          , Aa          , Aa          , Aa          , Aa          , Aa          , Aa          , Aa          
Aa          , Aa          , Aa          , Aa          , Aa          , Aa          , Aa          , Aa          , Aa          , Aa          , Aa          , Aa          , Aa          , Aa          , Aa          , Aa          , Aa          , Re          , Re          , Aa          , Aa          , Ha          , Aa          , Ha          , Aa          , Aa          , Aa          , Aa          , Dyb         , Aa          , Aa          , Aa          , Aa          , Aa          , Aa          , Aa          , Aa          , Aa          , Aa          , Aa          , Aa          , Aa          , Aa          , Aa          , Ha          , Ha          
Aa          , Aa          , Aa          , Aa          , Aa          , Aa          , Aa          , Aa          , Aa          , Aa          , Aa          , Aa          , Aa          , Aa          , Aa          , Aa          , Aa          , Aa          , Aa          , Re          , Re          , Aa          , Aa          , Aa          , Aa          , Aa          , Aa          , Aa          , Aa          , Aa          , Aa          , Aa          , Aa          , Aa          , Aa          , Aa          , Aa          , Aa          , Aa          , Aa          , Aa          , Aa          , Aa          , Aa          , Ha          , Ha          
Aa          , Aa          , Aa          , Aa          , Aa          , Aa          , Aa          , Aa          , Dyb         , Dyb         , Dyb         , Aa          , Aa          , Aa          , Aa          , Aa          , Aa          , Aa          , Aa          , Aa          , Aa          , Re          , Re          , Aa          , Aa          , Aa          , Aa          , Aa          , Aa          , Aa          , Aa          , Aa          , Aa          , Aa          , Dyb         , Aa          , Aa          , Aa          , Aa          , Aa          , Aa          , Aa          , Aa          , Aa          , Ha          , Ha          
Aa          , Aa          , Aa          , Aa          , Aa          , Aa          , Aa          , Aa          , Aa          , Dyb         , Aa          , Aa          , Aa          , Aa          , Aa          , Aa          , Aa          , Aa          , Aa          , Aa          , Aa          , Aa          , Aa          , Re          , Re          , Aa          , Aa          , Aa          , Aa          , Aa          , Aa          , Aa          , Aa          , Dyb         , Dyb         , Dyb         , Aa          , Aa          , Aa          , Aa          , Aa          , Aa          , Aa          , Aa          , Ha          , Ha          
Aa          , Aa          , Aa          , Aa          , Aa          , Aa          , Aa          , Aa          , Aa          , Aa          , Aa          , Aa          , Aa          , Aa          , Aa          , Aa          , Aa          , Aa          , Aa          , Aa          , Aa          , Aa          , Aa          , Aa          , Aa          , Re          , Re          , Aa          , Aa          , Aa          , Aa          , Aa          , Aa          , Aa          , Aa          , Aa          , Aa          , Aa          , Aa          , Aa          , Aa          , Aa          , Aa          , Aa          , Ha          , Ha          
Ha          , Aa          , Aa          , Aa          , Aa          , Aa          , Aa          , Aa          , Aa          , Aa          , Aa          , Aa          , Aa          , Aa          , Aa          , Aa          , Aa          , Aa          , Aa          , Aa          , Aa          , Aa          , Aa          , Aa          , Aa          , Aa          , Re^Vct      , Re          , Re          , Aa          , Aa          , Aa          , Aa          , Aa          , Aa          , Aa          , Aa          , Aa          , Aa          , Aa          , Aa          , Aa          , Aa          , Ha          , Ha          , Ha          
Ha          , Ha          , Aa          , Aa          , Aa          , Aa          , Aa          , Aa          , Aa          , Aa          , Aa          , Aa          , Aa          , Aa          , Aa          , Aa          , Aa          , Aa          , Aa          , Aa          , Aa          , Aa          , Aa          , Aa          , Aa          , Aa          , Aa          , Re          , Ce          , Re          , Re          , Re^Vct      , Re          , Aa          , Aa          , Aa          , Aa          , Aa          , Aa          , Aa          , Aa          , Aa          , Ha          , Ha          , Ha          , Ha          
Ha          , Ha          , Ha          , Aa          , Ha          , Ha          , Ha          , Aa          , Aa          , Aa          , Aa          , Aa          , Ha          , Aa          , Ha          , Aa          , Ha          , Aa          , Aa          , Aa          , Ha          , Aa          , Ha          , Aa          , Aa          , Aa          , Ce          , Ce          , 1 Ke        , Ce          , Ce          , Re          , Re          , Aa          , Aa          , Aa          , Aa          , Aa          , Aa          , Aa          , Ha          , Ha          , Ha          , Ha          , Ha          , Ha          
Ha          , Ha          , Ha          , Ha          , Ha          , Ha          , Ha          , Ha          , Ha          , Ha          , Ha          , Ha          , Ha          , Ha          , Ha          , Ha          , Ha          , Ha          , Ha          , Aa          , Aa          , Ha          , Aa          , Ha          , Aa          , Aa          , Aa          , Ce          , Aa          , Ce          , Re          , Re          , Re          , Aa          , Aa          , Aa          , Aa          , Aa          , Ha          , Ha          , Ha          , Ha          , Ha          , Ha          , Ha          , Ha          
