border_size=1
usage=map

Xu          , Xu          , Xu          , Xu          , Xu          , Xu          , Xu          , Xu          , Xu          , Xu          , Xu          , Xu          , Xu          , Xu          , Xu          , Xu          , Xu          , Xu          , Xu          , Xu          , Xu          , Xu          , Xu          , Xu          , Xu          , Xu          , Xu          , Xu          , Xu          , Xu          , Xu          , Xu          , Xu          , Xu          , Xu          , Ql          , Ql          , Ql          , Ql          , Ql          , Ql          , Ql          , Ql          , Ql          , Ql^Ii       , Ql^Ii       , Ql          
Xu          , Xu          , Xu          , Xu          , Xu          , Xu          , Xu          , Xu          , Xos         , Xu          , Xos         , Xu          , Xos         , Xos         , Xos         , Xos         , Xos         , Xu          , Xos         , Xos         , Xos         , Xos         , Xos         , Xos         , Xos         , Xos         , Xos         , Xos         , Xos         , Xos         , Xos         , Xu          , Uu^Vu       , Xu          , Uu          , Ql          , Ql          , Ql          , Ql          , Ql          , Ql          , Ql          , Ql          , Ql^Ii       , Ql^Ii       , Ql^Ii       , Uu^Ii       
Xu          , Xu          , Xos         , Xos         , Xos         , Xos         , Xos         , Xos         , Xos         , Xos         , Xos         , Xos         , Xos         , Xos         , Xos         , Xos         , Xos         , Xos         , Xos         , Xos         , Xos         , Xos         , Rr          , Xos         , Rr          , Rr          , Rr          , Xos         , Xos         , Xos         , Uu          , Uu          , Uu          , Uu          , Ql          , Ql          , Ql          , Ql          , Ql          , Ql          , Ql          , Ql          , Ql          , Uu^Ii       , Ql^Ii       , Ql^Ii       , Ql^Ii       
Xu          , Xu          , Xos         , Xos         , Rr          , Rr          , Rr          , Xos         , Rr          , Uu^Vud      , Rr          , Rr          , Rr          , Rr          , Rr          , Uu^Vud      , Rr          , Rr          , Rr          , Rr          , Xos         , Rr          , Rr          , Rr          , Rr          , Rr          , Rr          , Rr          , Rr          , Xos         , Xos         , Uu          , Uu          , Uh          , Ql          , Ql          , Ql          , Ql          , Ql          , Cud         , Ql          , Ql          , Ql          , Ql          , Ql          , Ql^Ii       , Uu          
Xu          , Xu          , Xos         , Rr          , Rr          , Rr          , Rr          , Rr          , Rr          , Rr          , Rr          , Rr          , Rr          , Rr          , Rr          , Rr          , Rr          , Rr          , Rr          , Rr          , Xos         , Rr          , Rr          , Rr          , Rr          , Rr          , Rr          , Rr          , Rr          , Xos         , Xos         , Uu          , Uh          , Uu          , Ql          , Ql          , Ql          , Ql          , Ql          , Ur          , Ql          , Ql          , Ql          , Ql          , Ql          , Ql          , Ql          
Xu          , Xos         , Xos         , Rr          , Rr          , Rr          , Xos         , Rr          , Rr          , Rr          , Rr          , Rr          , Rr          , Rr          , Rr          , Rr^Dr       , Rr          , Xos         , Rr          , Rr          , Xos         , Xos         , Xos         , Rr          , Rr          , Rr          , Rr          , Rr          , Rr          , Xos         , Uu          , Uu          , Uu          , Uu          , Uu          , Ql          , Ql          , Ql          , Ur          , Ur          , Ql          , Ql          , Ql          , Ql          , Ql          , Ql          , Ql          
Xu          , Xos         , Rr          , Rr          , Rr          , Rr          , Xos         , Rr          , Rr          , Rr          , Cud         , Cud         , Cud         , Rr          , Rr          , Rr          , Rr          , Xos         , Rr          , Rr          , Xos         , Rr          , Xos         , Rr          , Rr          , Rr          , Rr          , Rr          , Rr          , Xos         , Uu          , Uu          , Uu          , Uu          , Uu          , Cud         , 4 Kud       , Ur          , Ql          , Ql          , Ql          , Ql          , Ql          , Ql          , Ql          , Xu          , Xu          
Xu          , Xos         , Rr          , Rr          , Rr          , Rr          , Xos         , Rr          , Rr          , Rr          , Cud         , 1 Kud       , Cud         , Rr          , Rr          , Rr          , Rr          , Xos         , Rr          , Rr          , Xos         , Rr          , Rr          , Xos         , Xos         , Rr          , Rr          , Rr          , Xos         , Xos         , Uu          , Uu          , Rr          , Uu          , Rr          , Rr          , Uu          , Cud         , Ql          , Ql          , Ql          , Ql          , Ql          , Ql          , Xos         , Xu          , Xu          
Xu          , Xos         , Xos         , Rr          , Rr          , Rr          , Rr^Dr       , Rr          , Rr          , Rr          , Rr          , Cud         , Rr          , Rr          , Rr          , Rr          , Rr          , Xos         , Rr          , Rr          , Rr          , Rr          , Rr          , Rr          , Rr          , Rr          , Rr          , Rr          , Rr          , Rr          , Rr          , Rr          , Uu          , Rr          , Uu          , Uu          , Uu          , Uu          , Uu          , Uu          , Uu          , Uu          , Uh          , Uh          , Xos         , Xu          , Xu          
Xu          , Xos         , Xos         , Rr          , Rr          , Rr          , Rr          , Rr          , Rr          , Rr          , Rr          , Rr          , Rr          , Rr          , Rr          , Rr          , Rr          , Rr          , Rr          , Rr          , Rr          , Rr          , Rr          , Rr          , Rr          , Rr          , Rr          , Rr          , Rr          , Rr          , Rr          , Uu          , Uu          , Uu          , Uu          , Uu          , Uu          , Uu          , Uu          , Uu          , Uu          , Uu          , Uu          , Uu^Vu       , Uu          , Xos         , Xu          
Xu          , Xu          , Xos         , Rr          , Rr          , Rr          , Rr          , Rr          , Rr          , Rr          , Rr          , Rr          , Rr          , Rr          , Rr          , Rr          , Rr          , Rr          , Rr          , Rr          , Rr          , Rr          , Rr          , Rr          , Rr          , Rr          , Rr          , Rr          , Rr^Dr       , Rr          , Rr          , Xos         , Xos         , Uu          , Xos         , Uu          , Uu          , Uu          , Uu          , Uu          , Uu          , Uu          , Uu          , Uu          , Uu          , Xos         , Xu          
Xu          , Xu          , Xos         , Rr          , Rr          , Rr          , Rr          , Rr          , Cud         , Rr          , Rr          , Rr          , Rr          , Rr          , Cud         , Rr          , Rr          , Rr          , Rr          , Rr^Dr       , Rr          , Rr          , Rr          , Rr          , Rr          , Rr          , Rr          , Rr          , Rr          , Rr          , Rr          , Rr          , Re^Xo       , Xos         , Rr          , Xos         , Xos         , Xos         , Xos         , Xos         , Xos         , Uu          , Xos         , Uu          , Uu          , Xos         , Xu          
Xu          , Xu          , Xos         , Rr          , Rr          , Rr          , Rr          , Rr          , Rr          , Rr          , Rr          , Rr          , Rr          , Rr          , Rr          , Rr          , Rr          , Rr          , Rr          , Rr          , Rr          , Rr          , Rr          , Rr          , Rr          , Rr          , Rr          , Rr          , Rr          , Rr          , Re^Xo       , Re^Xo       , Rr          , Rr          , Rr          , Rr          , Rr          , Uu^Vud      , Rr          , Xos         , Rr          , Xos         , Rr          , Xos         , Xos         , Xos         , Xu          
Xu          , Xu          , Xos         , Rr          , Rr          , Rr          , Rr          , Rr          , Rr          , Rr          , Rr          , Rr          , Rr          , Rr          , Rr          , Rr          , Rr          , Rr          , Rr          , Rr          , Rr          , Rr          , Rr          , Rr          , Rr          , Rr          , Xos         , Rr          , Re^Xo       , Re^Xo       , Rr          , Rr          , Rr          , Rr          , Rr          , Rr          , Rr          , Rr          , Re          , Rr          , Rr          , Rr          , Rr          , Rr          , Xos         , Xu          , Xu          
Xu          , Xu          , Xos         , Rr          , Rr          , Rr          , Rr          , Rr          , Rr          , Rr          , Rr^Dr       , Rr^Dr       , Rr          , Rr          , Rr          , Rr          , Rr          , Rr          , Rr^Dr       , Rr          , Rr          , Rr          , Rr          , Rr          , Xos         , Xos         , Rr          , Xos         , Rr          , Rr          , Rr          , Rr          , Rr          , Rr          , Rr          , Rr          , Re          , Re          , Re^Dr       , Re          , Rr          , Rr          , Rr          , Rr          , Xos         , Xu          , Xu          
Xu          , Xos         , Xos         , Rr          , Rr          , Rr          , Rr          , Rr          , Rr          , Rr          , Rr          , Rr^Dr       , Rr          , Rr          , Rr          , Rr          , Rr          , Rr          , Rr          , Rr          , Rr          , Rr          , Xos         , Xos         , Rr          , Rr          , Rr          , Rr          , Rr          , Rr          , Rr          , Rr          , Rr          , Rr          , Rr          , Rr          , Rr          , Re          , Re          , Re          , Rr          , Rr          , Rr          , Rr          , Xos         , Xos         , Xu          
Xu          , Xos         , Rr          , Xos         , Xos         , Rr          , Rr          , Rr          , Rr          , Rr          , Rr          , Rr          , Rr          , Rr          , Rr          , Rr          , Rr          , Rr          , Rr          , Rr          , Xos         , Xos         , Rr          , Rr          , Rr          , Rr          , Rr          , Rr          , Rr          , Rr          , Rr          , Rr          , Rr^Dr       , Rr          , Rp          , Rp          , Rp          , Rr          , Re          , Re          , Rr          , Rr          , Rr          , Rr^Dr       , Xos         , Xos         , Xu          
Xu          , Xos         , Rr          , Rr          , Rr          , Xos         , Xos         , Rr          , Xos         , Rr          , Rr          , Rr          , Rr          , Rr          , Rr          , Rr          , Rr          , Rr          , Xos         , Xos         , Rr          , Rr          , Rr          , Rr          , Rr          , Rr          , Rr^Dr       , Rr          , Re          , Rr          , Rr          , Rr          , Rr          , Rr          , Rp          , Rp          , Rp          , Rr          , Rr          , Rr          , Rr^Dr       , Rr          , Rr          , Rr          , Xos         , Xu          , Xu          
Xu          , Xos         , Xos         , Rr          , Rr          , Rr          , Rr          , Xos         , Rr          , Xos         , Xos         , Xos         , Xos         , Xos         , Xos         , Xos         , Xos         , Xos         , Rr          , Rr          , Rr          , Rr          , Rr          , Rr          , Rr          , Rr          , Rr          , Re          , Re^Dr       , Re          , Re          , Re          , Rr          , Rr          , Rr          , Rp          , Rr          , Rr          , Rr          , Rr          , Rr          , Rr          , Rr          , Rr          , Xos         , Xu          , Xu          
Xu          , Xos         , Xos         , Rr          , Rr          , Rr          , Rr          , Rr          , Rr          , Rr          , Rr          , Uu^Vud      , Rr          , Uu^Vud      , Rr          , Uu^Vud      , Rr          , Xos         , Rr          , Rr          , Rr          , Rr          , Rr          , Rr          , Rr          , Rr          , Rr          , Re          , Re          , Re          , Rr          , Rr^Dr       , Rr          , Rr          , Re          , Re          , Re          , Re          , Re          , Re          , Rr          , Rr          , Rr          , Rr          , Xos         , Xu          , Xu          
Xu          , Xu          , Xos         , Xos         , Xos         , Rr          , Rr          , Rr          , Rr          , Rr          , Rr          , Rr          , Rr          , Rr          , Rr          , Rr          , Rr          , Rr          , Rr          , Rr          , Rr          , Rr          , Rr          , Rr          , Rr          , Rr          , Rr          , Rr          , Rr          , Rr          , Rr          , Rr          , Rr          , Rr          , Re          , Rp          , Rp          , Re          , Re          , Re          , Re          , Rr          , Rr          , Rr          , Xos         , Xu          , Xu          
Xu          , Xos         , Xos         , Uu^Vud      , Rr          , Xos         , Xos         , Rr          , Rr          , Rr^Dr       , Rr          , Rr          , Rr          , Rr          , Rr          , Rr          , Rr          , Rr          , Xos         , Rr          , Xos         , Rr          , Rr          , Rr          , Rr          , Rr          , Rr          , Rr          , Rr          , Rr          , Re          , Re          , Re          , Rr          , Re          , Rp          , Rp          , Rp          , Re          , Re^Dr       , Re          , Re          , Rr          , Rr          , Xos         , Xu          , Xu          
Xu          , Xos         , Rr          , Rr          , Rr          , Rr          , Rr          , Xos         , Xos         , Rr          , Rr          , Rr          , Rr          , Rr          , Rr          , Rr          , Xos         , Xos         , Uu^Vu       , Xos         , Uu^Vu       , Xos         , Xos         , Xos         , Xos         , Rr          , Xos         , Rr          , Rr          , Rr          , Re          , Ww          , Re          , Rr          , Rr          , Re          , Re          , Re          , Re          , Re          , Rr          , Rr          , Rr          , Rr          , Xos         , Xos         , Xu          
Xu          , Xos         , Xos         , Rr          , Rr          , Rr          , Rr          , Rr          , Xos         , Rr          , Rr          , Rr          , Rr          , Rr          , Rr          , Xos         , Rr          , Rr          , Rr          , Rr          , Rr          , Rr          , Rr          , Rr          , Rr          , Xos         , Xos         , Xos         , Xos         , Rr          , Rr          , Re          , Rr          , Rr          , Rr          , Rr          , Rr          , Rr          , Rr^Dr       , Rr          , Rr          , Rr          , Rr          , Rr          , Xos         , Xos         , Xu          
Xu          , Xos         , Xos         , Rr          , Rr          , Rr          , Rr          , Rr          , Rr          , Rr          , Rr          , Rr          , Rr          , Rr          , Rr          , Xos         , Rr          , Rr          , Rr          , Rr          , Rr          , Rr          , Re          , Rr          , Rr          , Rr          , Rr          , Rr          , Rr          , Xos         , Xos         , Rr          , Rr          , Rr          , Rr          , Rr          , Rr          , Rr          , Rr          , Rr          , Rr          , Rr          , Rr          , Rr          , Xos         , Xu          , Xu          
Xu          , Xos         , Xos         , Rr          , Rr          , Rr          , Rr^Dr       , Rr          , Rr          , Rr          , Rr          , Rr          , Rr          , Rr          , Rr          , Rr          , Rr          , Rr          , Rr          , Rr          , Re          , Re          , Ww          , Re          , Rr          , Rr          , Rr          , Rr          , Rr^Dr       , Rr          , Rr          , Xos         , Xos         , Rr          , Rr          , Rr          , Rr          , Rr          , Rr          , Rr          , Rr          , Rr          , Rr          , Rr          , Xos         , Xu          , Xu          
Xu          , Xos         , Xos         , Re          , Rr          , Rr          , Rr          , Rr          , Rr          , Rr          , Rr          , Rr          , Rr          , Rr          , Rr          , Rr          , Rr          , Rr          , Rr          , Rr          , Rr          , Re          , Ww          , Re          , Re          , Rr          , Rr          , Rr^Dr       , Rr          , Rr          , Rr          , Rr          , Rr          , Xos         , Uu^Vud      , Rr          , Xos         , Xos         , Xos         , Xos         , Xos         , Xos         , Xos         , Xos         , Xos         , Xu          , Xu          
Xu          , Xos         , Xos         , Rr          , Rr          , Rr          , Rr          , Rr          , Rr          , Rp          , Re          , Rr          , Rr          , Rr          , Rr          , Rr^Dr       , Rr          , Rr          , Rr          , Re          , Rr          , Re          , Re          , Re          , Rr          , Rr          , Rr          , Rr          , Rr          , Rr          , Rr          , Rr          , Xos         , Xos         , Xos         , Xos         , Rr          , Xos         , Rr          , Rr          , Rr          , Rr          , Rr          , Rr          , Xos         , Xu          , Xu          
Xu          , Xu          , Uu          , Xos         , Re^Xo       , Rr          , Rr          , Rr          , Rr          , Rp          , Rp          , Re          , Rr          , Rr          , Rr          , Rr          , Rr          , Rr          , Rr          , Rr          , Rr          , Rr          , Rr          , Rr          , Rr^Dr       , Rr          , Rr          , Rr          , Rr          , Rr          , Rr          , Rr          , Xos         , Xos         , Rr          , Rr          , Rr          , Rr          , Rr          , Rr          , Rr          , Rr          , Rr          , Rr          , Xos         , Xu          , Xu          
Xu          , Xu          , Uu          , Uu          , Ur          , Xos         , Xos         , Xos         , Xos         , Rr          , Rr          , Rr          , Rr          , Rr          , Rr          , Rr          , Rr          , Rr          , Rr          , Rr          , Rr          , Rr          , Rr          , Rr          , Rr          , Rr          , Rr          , Rr          , Rr          , Rr          , Xos         , Xos         , Rr          , Rr          , Rr          , Rr          , Rr^Dr       , Rr          , Rr          , Rr          , Rr          , Rr          , Rr          , Xos         , Xos         , Xu          , Xu          
Xu          , Uh          , Uu          , Uu          , Ur          , Uu          , Uu^Vu       , Xu          , Xu          , Xos         , Rr          , Rr          , Rr          , Rr          , Rr          , Rr          , Rr          , Rr          , Rr          , Rr          , Rr          , Rr          , Xos         , Rr          , Rr          , Rr          , Xos         , Rr          , Xos         , Rr          , Rr          , Xos         , Xos         , Rr          , Rr          , Rr          , Rr          , Rr          , Rr          , Rr          , Rr          , Rr          , Rr          , Xos         , Xos         , Xu          , Xu          
Uh          , Uh          , Uu          , Uu          , Ur          , Uu          , Uh          , Xu          , Xu          , Xos         , Xos         , Rr          , Rr          , Rr          , Rr          , Rr          , Xos         , Rr          , Rr          , Rr          , Rr          , Rr          , Rr          , Xos         , Xos         , Xos         , Rr          , Xos         , Rr          , Rr          , Rr          , Rr          , Rr          , Re^Xo       , Xos         , Rr          , Rr          , Rr          , Rr          , Rr          , Rr          , Rr          , Rr          , Rr          , Rr          , Xos         , Xu          
Xu          , Uh          , Uh          , Uu          , Ur          , Uu          , Uh          , Xu          , Xu          , Xos         , Xu          , Xos         , Ur          , Rr          , Xos         , Xos         , Xu          , Xos         , Xos         , Xos         , Xos         , Rr          , Rr          , Rr          , Rr          , Rr          , Rr          , Rr          , Rr          , Rr          , Rr          , Rr          , Xos         , Rr          , Xos         , Rr          , Rr          , Rr          , Rr          , Rr          , Rr          , Rr          , Rr          , Rr          , Rr          , Xos         , Xu          
Xu          , Xu          , Uu          , Uu          , Ur          , Uu          , Uh          , Xu          , Xu          , Xu          , Uu          , Uu          , Ur          , Uu          , Uu          , Xu          , Xu          , Xu          , Xu          , Xu          , Xu          , Xos         , Xos         , Rr          , Rr          , Rr          , Rr          , Xos         , Rr          , Rr          , Rr          , Rr          , Rr          , Xos         , Rr          , Xos         , Xos         , Xos         , Xos         , Xos         , Xos         , Rr          , Rr          , Rr          , Rr          , Xos         , Xu          
Xu          , Uh          , Uu          , Uu          , Ur          , Uu          , Xu          , Xu          , Xu          , Uu          , Uu          , Uu          , Ur          , Ur          , Ur          , Uu          , Uu          , Xu          , Xu          , Xu          , Xu          , Xu          , Xu          , Xos         , Xos         , Xos         , Xos         , Xos         , Xos         , Xos         , Xos         , Rr          , Rr          , Rr          , Rr          , Rr          , Rr          , Rr          , Rr          , Rr          , Rr          , Xos         , Xos         , Xos         , Xos         , Xos         , Xu          
Xu          , Uh          , Uu          , Uu          , Ur          , Uu          , Xu          , Xu          , Xu          , Xu          , Uu^Uf       , Uu          , Uu          , Ur          , Uu          , Ur          , Ur          , Uu          , Uu          , Xu          , Uu          , Xu          , Uu          , Xu          , Xu          , Xu          , Xu          , Xu          , Xu          , Xu          , Xu          , Xos         , Xos         , Xos         , Xos         , Rr          , Rr          , Rr          , Rr          , Rr          , Rr          , Rr          , Rr          , Xos         , Xos         , Xu          , Xu          
Xu          , Uh          , Uu          , Uu          , Ur          , Uu          , Uh          , Xu          , Xu          , Xu          , Xu          , Uu          , Uu          , Uu          , Uu          , Uu          , Uu          , Ur          , Ur          , Uu          , Uu          , Uu          , Uu          , Uu          , Uu          , Uu^Vu       , Uu          , Uu          , Uu          , Uu^Vu       , Uu          , Xu          , Xu          , Xu          , Xu          , Xos         , Xos         , Rr          , Rr          , Rr          , Rr          , Rr          , Xos         , Xos         , Xu          , Xu          , Xu          
Xu          , Uh          , Uu          , Uu          , Ur          , Uu          , Uu          , Uh          , Uh          , Xu          , Xu          , Xu          , Xu          , Xu          , Xu          , Xu          , Xu          , Uu          , Ur          , Uu          , Uu          , Uu          , Ur          , Uu          , Ur          , Ur          , Ur          , Ur          , Ur          , Uu          , Uu          , Uu          , Uu          , Uu          , Uu          , Xu          , Xu          , Xos         , Xos         , Xos         , Xos         , Rr          , Xos         , Xu          , Xu          , Xu          , Gg          
Xu          , Uh          , Uh          , Uu          , Ur          , Ur          , Uu          , Uh          , Uh          , Xu          , Xu          , Xu          , Xu          , Xu          , Uu          , Uu^Uf       , Uu          , Uu          , Ur          , Ur          , Ur          , Ur          , Ur          , Ur          , Uu          , Uu          , Uu          , Uu          , Uu          , Ur          , Ur          , Uu          , Uu          , Uu          , Uu          , Uu^Vu       , Xu          , Xu          , Xu          , Xu          , Xu          , Xos         , Xos         , Xu          , Mm^Xm       , Mm^Xm       , Gg          
Xu          , Uh          , Uh          , Uu          , Uu          , Ur          , Uu          , Uh          , Xu          , Xu          , Xu          , Xu          , Xu          , Uu          , Uu          , Uu          , Ur          , Ur          , Uu          , Uu          , Uu          , Uu          , Uu          , Uu          , Uu          , Uu          , Uu          , Uu          , Uu          , Uu          , Uu          , Ur          , Ur          , Uu          , Uu          , Uu          , Uu          , Xu          , Xu          , Xu          , Xu          , Xos         , Xu          , Xu          , Mm^Xm       , Mm^Xm       , Gg          
Xu          , Xu          , Uh          , Uu          , Uu          , Ur          , Uu          , Uu          , Xu          , Xu          , Xu          , Xu          , Uu^Uf       , Uu          , Uu          , Ur          , Ur          , Uu          , Xu          , Xu          , Xu          , Xu          , Xu          , Xu          , Xu          , Xu          , Xu          , Uu          , Xu          , Uu          , Uu          , Uu          , Uu          , Ur          , Ur          , Uu          , Uu          , Uu          , Xu          , Xu          , Xu          , Xu          , Xu          , Xu          , Mm^Xm       , Mm^Xm       , Mm^Xm       
Xu          , Uh          , Uh          , Uu          , Uu          , Ur          , Uu          , Xu          , Xu          , Xu          , Xu          , Xu          , Uu          , Uu          , Uu          , Ur          , Uu          , Uu          , Uu          , Uu          , Uu          , Uu^Vu       , Uu          , Uu^Vu       , Uu          , Xu          , Uu^Vu       , Xu          , Uu^Uf       , Xu          , Xu          , Xu          , Uu          , Uu          , Uu          , Ur          , Ur          , Uu          , Uu          , Uu          , Xu          , Xu          , Xu          , Xu          , Mm^Xm       , Mm^Xm       , Mm^Xm       
Xu          , Xu          , Xu          , Uh          , Uu          , Ur          , Uu          , Xu          , Xu          , Xu          , Xu          , Xu          , Xu          , Uu          , Uu          , Ur          , Ur          , Uu          , Uu          , Uu          , Uu          , Uu          , Uu          , Uu          , Uu          , Uu          , Uu          , Uu          , Uu^Uf       , Uu^Uf       , Uu^Uf       , Xu          , Xu          , Uu          , Uu          , Uu          , Ur          , Uu          , Uu          , Uu          , Xu          , Xu          , Mm^Xm       , Mm^Xm       , Mm^Xm       , Mm^Xm       , Mm^Xm       
Xu          , Xu          , Uh          , Uh          , Uu          , Ur          , Ur          , Uu          , Uu          , Xu          , Xu          , Xu          , Xu          , Uu^Uf       , Uu          , Uu          , Ur          , Ur          , Ur          , Uu          , Ur          , Uu          , Ur          , Uu          , Uu          , Uu          , Uu          , Ww          , Ww          , Uu^Uf       , Re          , Uu^Uf       , Uu          , Xu          , Xu          , Uu          , Uu          , Ur          , Ur          , Uu          , Uu          , Xu          , Mm^Xm       , Mm^Xm       , Mm^Xm       , Mm^Xm       , Mm^Xm       
Xu          , Uh          , Uh          , Uh          , Uu          , Uu          , Ur          , Uu          , Ur          , Uu^Vu       , Uu          , Xu          , Xu          , Xu          , Uu          , Uu          , Uu          , Ur          , Uu          , Ur          , Uu          , Ur          , Ur          , Ur          , Ur          , Ur          , Uu          , Ww          , Ww          , Ww          , Re          , Uu          , Uu          , Uu          , Xu          , Uu          , Uu          , Uu          , Ur          , Uu          , Uu          , Xu          , Mm^Xm       , Mm^Xm       , Mm^Xm       , Mm^Xm       , Mm^Xm       
Xu          , Xu          , Uh          , Uu          , Uu          , Uu          , Uu          , Ur          , Ur          , Uu          , Uu          , Uu          , Uu          , Xu          , Xu          , Uu          , Uu          , Uu          , Uu          , Uu          , Uu          , Uu          , Ur          , Uu          , Uu          , Uu          , Uu          , Re          , Re          , Ww          , Re          , Uu          , Uu          , Uu          , Xu          , Xu          , Xu          , Uu          , Uu          , Ur          , Uu          , Xu          , Mm^Xm       , Mm^Xm       , Mm^Xm       , Mm^Xm       , Mm^Xm       
Xu          , Xu          , Uh          , Uu          , Uu          , Uu          , Xu          , Xu          , Xu          , Ur          , Ur          , Uu          , Uu          , Xu          , Xu          , Xu          , Xu          , Uu          , Xu          , Uu          , Xu          , Uu          , Ur          , Uu          , Uu          , Uu          , Uu          , Uu          , Uu          , Re          , Uu          , Uu          , Xu          , Xu          , Xu          , Xu          , Mm^Xm       , Xu          , Uu          , Ur          , Uu          , Xu          , Mm^Xm       , Mm^Xm       , Mm^Xm       , Mm^Xm       , Mm^Xm       
Xu          , Xu          , Uh          , Uu          , Uu          , Uu          , Xu          , Xu          , Xu          , Uu          , Uu          , Ur          , Ur          , Uu          , Uu          , Xu          , Xu          , Xu          , Uu^Vu       , Xu          , Uu          , Ur          , Ur          , Xu          , Uu          , Uu          , Uu          , Uu          , Uu          , Uu          , Xu          , Xu          , Xu          , Xu          , Mm^Xm       , Mm^Xm       , Rr          , Rr          , Rr          , 3 Uu        , Rr          , Mm^Xm       , Mm^Xm       , Mm^Xm       , Mm^Xm       , Mm^Xm       , Mm^Xm       
Xu          , Xu          , Uh          , Uu          , Uu          , Chr         , Khr         , Xu          , Uu          , Uu          , Uu          , Ur          , Uu          , Ur          , Ur          , Uu          , Xu          , Xu          , Uu          , Uu          , Uu          , Ur          , Ur          , Uu          , Uu          , Uu          , Uu          , Xu          , Uu          , Uu          , Xu          , Xu          , Mm^Xm       , Mm^Xm       , Mm^Xm       , Rr          , Rr          , Rr          , Rr          , Rr          , Rr          , Mm^Xm       , Mm^Xm       , Mm^Xm       , Mm^Xm       , Mm^Xm       , Mm^Xm       
Xu          , Xu          , Uh          , Uu          , Uh          , Uu          , Uu          , Chr         , Uu          , Uu          , Uu          , Uu          , Uu          , Uh          , Ur          , Uu          , Ur          , Xu          , Ur          , Ur          , Ur          , Ur          , Uu          , Uu          , Uu          , Uu          , Uu          , Uu          , Uu          , Xu          , Xu          , Mm^Xm       , Mm^Xm       , Mm^Xm       , Mm^Xm       , Rr          , Chr         , Rr          , Rr          , Rr          , Chr         , Rr          , Rr          , Mm^Xm       , Mm^Xm       , Mm^Xm       , Mm^Xm       
Xu          , Xu          , Xu          , Uh          , Uh          , Uh          , Uh          , Uu          , Uu          , Uu          , Uu          , Uu          , Uu          , Uu          , Uu          , Ur          , Uu          , Ur^Xo       , Uu          , Ur          , Uu          , Uu          , Uu          , Uu          , Uu          , Uu          , Uu          , Uu          , Uu          , Xu          , Xu          , Mm^Xm       , Mm^Xm       , Mm^Xm       , Mm^Xm       , 2 Rr        , Rr          , Rr          , 5 Rr        , Rr          , Rr          , Rr          , Rr          , Mm^Xm       , Mm^Xm       , Mm^Xm       , Mm^Xm       
Xu          , Xu          , Xu          , Xu          , Xu          , Xu          , Xu          , Xu          , Xu          , Xu          , Xu          , Xu          , Xu          , Xu          , Xu          , Xu          , Xu          , Xu          , Xu          , Xu          , Xu          , Xu          , Xu          , Xu          , Xu          , Xu          , Xu          , Xu          , Xu          , Xu          , Xu          , Mm^Xm       , Mm^Xm       , Mm^Xm       , Mm^Xm       , Rr          , Rr          , Rr          , Rr          , Rr          , Rr          , Rr          , Mm^Xm       , Mm^Xm       , Mm^Xm       , Mm^Xm       , Mm^Xm       
