border_size=1
usage=map

Gg          , Gg          , Gg          , Gg          , Gg          , Gg          , Gg          , Gg          , Gg          , Gg          , Gg          , Gg          , Gg          , Gg          , Gg          , Gg          , Gg          , Gg          , Gg          , Rd          , Rr          , Gg          , Gg          , Gg          , Gg          , Gg          , Gg          , Gs^Fp       , Gs^Fp       , Gs^Fp       , Gs^Fp       , Gs^Fp       , Gs^Fp       , Gg          , Gg          , Gg          , Gg          , Gg          , Gg          , Gg          , Gg          , Gg          , Gg          , Gg          , Gg          , Gs^Fp       , Gs^Fp       , Gs^Fp       , Gs^Fp       , Gs^Fp       , Gs^Fp       , Gg          
Gg          , Gg          , Gg          , Gg          , Gg          , Gg          , Gg          , Gg          , Gg          , Gg          , Gg          , Gg          , Gg          , Gg          , Gg          , Gg          , Gg          , Gg          , Gg          , Rd          , Rr          , Gg          , Gg          , Gg          , Gg          , Gg          , Gg          , Gs^Fp       , Gs^Fp       , Gs^Fp       , Gs^Fp       , Gs^Fp       , Gs^Fp       , Gs^Fp       , Gg          , Gg          , Gg          , Gg          , Gg          , Gg          , Gg          , Gg          , Gg          , Gg          , Gg          , Gg          , Gg          , Gg          , Gg          , Gs^Fp       , Gs^Fp       , Gs^Fp       
Gg          , Gg          , Gg          , Gg          , Gg          , Gg          , Gg          , Gg          , Gg          , Gg          , Gg          , Gg          , Gg          , Gg          , Re^Gvs      , Gg          , Gg          , Gg          , Gg          , Rd          , Rr          , Gg          , Gg          , Gg          , Gg          , Gg          , Gg          , Gs^Fp       , Gs^Fp       , Gs^Fp       , Gs^Fp       , Gs^Fp       , Gs^Fp       , Gg          , Gg          , Gg          , Gg          , Gg          , Re^Gvs      , Gs^Vht      , Re^Gvs      , Gg          , Gg          , Gg          , Gg          , Gg          , Gg          , Gg          , Gg          , Gs^Fp       , Gs^Fp       , Gs^Fp       
Gg          , Gg          , Gg          , Gg          , Gg          , Gg          , Gg          , Gg          , Gg          , Gg          , Gg          , Gg          , Gg          , Re^Gvs      , Re^Gvs      , Re^Gvs      , Gg          , Gg          , Gg          , Rd          , Ch          , Gg          , Gg          , Gg          , Gg          , Gg          , Gg          , Gs^Fp       , Gs^Fp       , Gs^Fp       , Gs^Fp       , Gs^Fp       , Gs^Fp       , Gg          , Gg          , Gg          , Gg          , Re^Gvs      , Re^Gvs      , Re^Gvs      , Re^Gvs      , Re^Gvs      , Gg          , Gg          , Gg          , Gg          , Gg          , Gg          , Gg          , Gs^Fp       , Gs^Fp       , Gs^Fp       
Gg          , Gg          , Gg          , Gg          , Gg          , Gg          , Gg          , Gg          , Gg          , Gg          , Gg          , Gg          , Re^Gvs      , Re^Gvs      , Re^Gvs      , Re^Gvs      , Re^Gvs      , Re^Gvs      , Re^Gvs      , Rd          , Rr          , Gg          , Gg          , Gg          , Gg          , Gg          , Gg          , Gg          , Gs^Fp       , Gs^Fp       , Gs^Fp       , Gs^Fp       , Gg          , Gg          , Gg          , Gg          , Re^Gvs      , Re^Gvs      , Re^Gvs      , Re^Gvs      , Re^Gvs      , Re^Gvs      , Re^Gvs      , Gg          , Gg          , Gg          , Gg          , Gg          , Gg          , Gs^Fp       , Gs^Fp       , Gs^Fp       
Gg          , Gg          , Gg          , Gg          , Gg          , Gg          , Gg          , Gg          , Gg          , Gg          , Re^Gvs      , Re^Gvs      , Re^Gvs      , Re^Gvs      , Re^Gvs      , Re^Gvs      , Re^Gvs      , Re^Gvs      , Re^Gvs      , Re^Gvs      , Rr          , Rd          , Rd          , Gg          , Gg          , Gg          , Gg          , Gg          , Gg          , Gs^Fp       , Gg          , Gg          , Gg          , Gg          , Gg          , Gg          , Re^Gvs      , Re^Gvs      , Re^Gvs      , Re^Gvs      , Re^Gvs      , Re^Gvs      , Re^Gvs      , Gg          , Gg          , Gg          , Gg          , Gg          , Gg          , Gs^Fp       , Gs^Fp       , Gs^Fp       
Gg          , Gg          , Gg          , Gg          , Gg          , Gg          , Gg          , Gg          , Gg          , Re^Gvs      , Re^Gvs      , Re^Gvs      , Re^Gvs      , Re^Gvs      , Re^Gvs      , Re^Gvs      , Re^Gvs      , Re^Gvs      , Re^Gvs      , Re^Gvs      , Rr          , Rr          , Re^Gvs      , Re^Gvs      , Re^Gvs      , Gg          , Gg          , Gg          , Gg          , Gg          , Gg          , Gg          , Gg          , Gg          , Gg          , Gg          , Gg          , Re^Gvs      , Re^Gvs      , Re^Gvs      , Re^Gvs      , Re^Gvs      , Re^Gvs      , Gg          , Gg          , Gg          , Gg          , Gg          , Gg          , Gs^Fp       , Gs^Fp       , Gs^Fp       
Gg          , Gg          , Gg          , Gg          , Gg          , Gg          , Gg          , Gg          , Re^Gvs      , Re^Gvs      , Re^Gvs      , Re^Gvs      , Re^Gvs      , Re^Gvs      , Re^Gvs      , Re^Gvs      , Re^Gvs      , Re^Gvs      , Re^Gvs      , Re^Gvs      , Rd          , Rr          , Re^Gvs      , Re^Gvs      , Re^Gvs      , Re^Gvs      , Gg          , Gg          , Gg          , Gg          , Gg          , Gg          , Re^Gvs      , Gg          , Gg          , Gg          , Gg          , Gg          , Gg          , Re^Gvs      , Gg          , Re^Gvs      , Gg          , Gg          , Gg          , Gg          , Gg          , Gg          , Gg          , Gs^Fp       , Gs^Fp       , Gs^Fp       
Gg          , Gg          , Gg          , Gg          , Gg          , Gg          , Gg          , Gg          , Re^Gvs      , Re^Gvs      , Re^Gvs      , Re^Gvs      , Re^Gvs      , Re^Gvs      , Re^Gvs      , Re^Gvs      , Gg^Vh       , Re^Gvs      , Re^Gvs      , Re^Gvs      , Rd          , Rr          , Re^Gvs      , Re^Gvs      , Re^Gvs      , Re^Gvs      , Gg^Vh       , Gg          , Gg^Wm       , Gg          , Re^Gvs      , Re^Gvs      , Gg          , Gg          , Gg          , Gg          , Gg          , Gg          , Gg          , Gg          , Gg          , Gg          , Gg          , Gg          , Gg          , Gg          , Gg          , Gg          , Gg          , Gg          , Gg          , Gg          
Gg          , Gg          , Gg          , Gg          , Gg          , Gg          , Gg          , Gg          , Gg          , Re^Gvs      , Re^Gvs      , Re^Gvs      , Re^Gvs      , Re^Gvs      , Re^Gvs      , Re^Gvs      , Re^Gvs      , Re^Gvs      , Re^Gvs      , Re^Gvs      , Rr          , Rr          , Re^Gvs      , Re^Gvs      , Re^Gvs      , Re^Gvs      , Re^Gvs      , Re^Gvs      , Re^Gvs      , Re^Gvs      , Re^Gvs      , Re^Gvs      , Re^Gvs      , Gg          , Gg          , Gg          , Gg          , Gg          , Gg          , Gg          , Gg          , Gg          , Gg          , Gg          , Gg          , Gg          , Gg          , Gg          , Gg          , Gg          , Gg          , Gg          
Gg          , Gg          , Gg          , Gg          , Gg          , Gg          , Gg          , Gg          , Gg          , Re^Gvs      , Re^Gvs      , Re^Gvs      , Re^Gvs      , Re^Gvs      , Re^Gvs      , Re^Gvs      , Re^Gvs      , Re^Gvs      , Re^Gvs      , Re^Gvs      , Rr          , Rr          , Ww          , Re^Gvs      , Re^Gvs      , Re^Gvs      , Re^Gvs      , Re^Gvs      , Re^Gvs      , Re^Gvs      , Re^Gvs      , Re^Gvs      , Gg          , Gg          , Gs^Fp       , Gs^Fp       , Gs^Fp       , Gg          , Gg          , Gg          , Gg          , Gg          , Gg          , Gg          , Gg          , Gg          , Gs^Fp       , Gs^Fp       , Gs^Fp       , Gs^Fp       , Gs^Fp       , Gg          
Gg          , Gg          , Gg          , Gg          , Gg          , Gg          , Gg          , Gg          , Gg          , Gg^Vh       , Re^Gvs      , Re^Gvs      , Re^Gvs      , Re^Gvs      , Re^Gvs      , Re^Gvs      , Re^Gvs      , Re^Gvs      , Ww          , Ww          , Ww          , Ww^Bw|      , Ww          , Ww          , Ww          , Re^Gvs      , Re^Gvs      , Re^Gvs      , Re^Gvs      , Re^Gvs      , Re^Gvs      , Re^Gvs      , Gg          , Gg          , Gs^Fp       , Gs^Fp       , Gs^Fp       , Gs^Fp       , Gs^Fp       , Gg          , Gg          , Gg          , Re^Gvs      , Gg          , Gg          , Gg          , Gg          , Gs^Fp       , Gs^Fp       , Gs^Fp       , Gs^Fp       , Gs^Fp       
Rd          , Re          , Rd          , Gg          , Gg          , Gg          , Re^Gvs      , Re^Gvs      , Re^Gvs      , Re^Gvs      , Re^Gvs      , Re^Gvs      , Re^Gvs      , Re^Gvs      , Re^Gvs      , Re^Gvs      , Re^Gvs      , Ww          , Ww          , Ww          , Rp          , Rr          , Rp          , Ww          , Ww          , Ww          , Ww          , Re^Gvs      , Re^Gvs      , Re^Gvs      , Re^Gvs      , Gg          , Gg          , Gs^Fp       , Gs^Fp       , Gs^Fp       , Gs^Fp       , Gs^Fp       , Gs^Fp       , Gs^Fp       , Gg          , Re^Gvs      , Re^Gvs      , Re^Gvs      , Gg          , Gg          , Gg          , Gg          , Gs^Fp       , Gs^Fp       , Gs^Fp       , Gs^Fp       
Re          , Rd          , Rd          , Rd          , Rd          , Gg          , Re^Gvs      , Re^Gvs      , Re^Gvs      , Re^Gvs      , Re^Gvs      , Re^Gvs      , Ww          , Re^Gvs      , Ww          , Re^Gvs      , Ww          , Ww          , Rp          , Ch          , 4 Kh        , Ch          , Rp          , Rp          , Ch          , Ww          , Ww          , Ww          , Ww          , Ss          , Re^Gvs      , Re^Gvs      , Re^Gvs      , Gs^Vht      , Gs^Fp       , Gs^Fp       , Gs^Fp       , Gs^Fp       , Gg          , Gg          , Gg^Vh       , Re^Gvs      , Re^Gvs      , Re^Gvs      , Gg          , Gg          , Gg          , Gs^Fp       , Gs^Fp       , Gs^Fp       , Gs^Fp       , Gs^Fp       
Re          , Gg          , Gg          , Re          , Re          , Rd          , Rd          , Re^Gvs      , Re^Gvs      , Re^Gvs      , Wwf         , Ww          , Ww          , Ww          , Ww          , Ww          , Ch          , Ch          , Rp          , Rp          , Ch          , Rp          , Rp          , Ch          , Ch          , Ch          , Ch          , Ww          , Ww          , Ss          , Ss          , Re^Gvs      , Re^Gvs      , Re^Gvs      , Re^Gvs      , Gg          , Re^Gvs      , Gg          , Gg          , Gg          , Re^Gvs      , Re^Gvs      , Re^Gvs      , Re^Gvs      , Gg          , Gg          , Gg          , Gg          , Gs^Fp       , Gs^Fp       , Gs^Fp       , Gs^Fp       
Gg          , Gg          , Re^Gvs      , Re^Gvs      , Re^Gvs      , Re          , Re^Gvs      , Rr          , Rr          , Re^Gvs      , Ww          , Ww          , Ch          , Ch          , Ch          , Ch          , Ch          , Ch          , Ch          , Rp          , Rr          , Rr          , Rp          , Re          , Re          , Ch          , Ch          , Ch          , Ch          , Ww          , Ww          , Ss          , Ss          , Ss          , Ss          , Re^Gvs      , Re^Gvs      , Re^Gvs      , Re^Gvs      , Re^Gvs      , Re^Gvs      , Re^Gvs      , Re^Gvs      , Re^Gvs      , Gg          , Gg          , Gg          , Gg          , Gs^Fp       , Gs^Fp       , Gs^Fp       , Gs^Fp       
Gg          , Gg          , Re^Gvs      , Re^Gvs      , Re^Gvs      , Re^Gvs      , Re^Gvs      , Re^Gvs      , Ww          , Ww^Bw\      , Ww^Bw\      , Ww          , Ch          , Ch          , Gg          , Ch          , Re          , Gg          , Re^Gvs      , Rp          , Rp          , Rr          , Rp          , Rp          , Re^Gvs      , Re          , Re          , Ch          , Ch          , Ch          , Ch          , Ww          , Ww          , Ww          , Ww          , Ss          , Ss          , Re^Gvs      , Re^Gvs      , Re^Gvs      , Re^Gvs      , Re^Gvs      , Re^Gvs      , Re^Gvs      , Re^Gvs      , Gg          , Gg          , Gs^Fp       , Gs^Fp       , Gs^Fp       , Gs^Fp       , Gs^Fp       
Gg          , Gg          , Gg          , Re^Gvs      , Re^Gvs      , Re^Gvs      , Re^Gvs      , Wwf         , Ww          , Ww          , Rr          , Rr          , Rr          , Ch          , Re^Gvs      , Re          , Re^Gvs      , Re^Gvs      , Rp          , Rp          , Rp          , Rr          , Ch          , Rp          , Rp          , Re^Gvs      , Re^Gvs      , Re          , Re          , Ch          , Ch          , Ch          , Ch          , Ww          , Ww          , Ww          , Ww          , Ss          , Re^Gvs      , Re^Gvs      , Re^Gvs      , Re^Gvs      , Re^Gvs      , Re^Gvs      , Re^Gvs      , Re^Gvs      , Gg          , Gg          , Gs^Fp       , Gs^Fp       , Gs^Fp       , Gs^Fp       
Gg          , Gg          , Gg          , Re^Gvs      , Re^Gvs      , Re^Gvs      , Re^Gvs      , Ww          , Ch          , Ch          , Re          , Rr          , Rr          , Rr          , Rr          , Re^Gvs      , Rp          , Rp          , Rp          , Rp          , Rp          , Rr          , Rp          , Rp          , Rp          , Re^Gvs      , Re^Gvs      , Re^Gvs      , Re^Gvs      , Re          , Re          , Ch          , Ch          , Ch          , Ch          , Ww          , Ww          , Ss          , Re^Gvs      , Re^Gvs      , Re^Gvs      , Re^Gvs      , Re^Gvs      , Re^Gvs      , Re^Gvs      , Re^Gvs      , Re^Gvs      , Gg          , Ce          , Gs^Fp       , Gs^Fp       , Gs^Fp       
Gg          , Gg          , Gg          , Gg          , Re^Gvs      , Re^Gvs      , Ww          , Ww          , Ch          , Ch          , Re          , Rp          , Rp          , Rr          , Rr          , Rr          , Ch          , Rp          , Rp          , Rp^Vhc      , Rp          , Rr          , Rp          , Rp          , Rp          , Rp          , Re^Gvs      , Re^Gvs      , Re^Gvs      , Re^Gvs      , Re^Gvs      , Re          , Re          , Ch          , Ch          , Ch          , Ww          , Ss          , Re^Gvs      , Re^Gvs      , Re^Gvs      , Re^Gvs      , Re^Gvs      , Re^Gvs      , Re^Gvs      , Re^Gvs      , Re^Gvs      , Ce          , 2 Ke        , Ce          , Gs^Fp       , Gs^Fp       
Gg          , Gg          , Gg          , Re^Gvs      , Re^Gvs      , Re^Gvs      , Ww          , Ww          , Ch          , Ch          , Gg          , Re^Gvs      , Re^Gvs      , Rp          , Rp          , Rr          , Rp          , Rr          , Rr          , Rp          , Rp          , Rr          , Ch          , Ch          , Ch          , Rp          , Rp          , Re^Gvs      , Re^Gvs      , Re^Gvs      , Re^Gvs      , Re^Gvs      , Re^Gvs      , Re          , Ch          , Ch          , Ww          , Ss          , Re^Gvs      , Re^Gvs      , Re^Gvs      , Re^Gvs      , Re^Gvs      , Re^Gvs      , Re^Gvs      , Re^Gvs      , Re^Gvs      , Ce          , Ce          , Ce          , Gs^Fp       , Gs^Fp       
Gg          , Gg          , Gg          , Re^Gvs      , Re^Gvs      , Re^Gvs      , Ww          , Ww          , Ch          , Ch          , Gs^Fds      , Re^Gvs      , Re^Gvs      , Re^Gvs      , Rp          , Rp          , Rp          , Rp          , Rr          , Rr          , Rr          , Rr          , Ch          , 6 Kh        , Ch          , Rp          , Rp          , Rp          , Rp          , Gg^Vh       , Gg^Fet      , Re^Gvs      , Re^Gvs      , Re          , Ch          , Ch          , Ww          , Ss          , Re^Gvs      , Re^Gvs      , Re^Gvs      , Re^Gvs      , Re^Gvs      , Re^Gvs      , Re^Gvs      , Re^Gvs      , Re^Gvs      , Re^Gvs      , Gg          , Gs^Fp       , Gs^Fp       , Gs^Fp       
Gg          , Gg          , Gg          , Re^Gvs      , Re^Gvs      , Re^Gvs      , Ww          , Ww          , Ch          , Ch          , Gs^Fds      , Re^Gvs      , Re^Gvs      , Re^Gvs      , Rp          , Rp^Vhc      , Rp          , Rp          , Rp          , Rr          , Rr          , Rr          , Rr          , Ch          , Rr          , Rp          , Rp          , Rp          , Rp          , Rp          , Rp          , Re^Gvs      , Re^Gvs      , Re          , Ch          , Ch          , Ww          , Ss          , Re^Gvs      , Re^Gvs      , Re^Gvs      , Re^Gvs      , Re^Gvs      , Gs^Vht      , Re^Gvs      , Re^Gvs      , Re^Gvs      , Re^Gvs      , Gg          , Gs^Fp       , Gs^Fp       , Gs^Fp       
Gg          , Gg          , Gg          , Re^Gvs      , Re^Gvs      , Re^Gvs      , Ww          , Ww          , Ch          , Ch          , Gs^Fds      , Re^Gvs      , Re^Gvs      , Re^Gvs      , Re^Gvs      , Rp          , Rp          , Rp          , Rp          , Rp          , Ch          , Rr          , Rr          , Rr          , Rr          , Rr          , Ch          , Rp          , Rp          , Rp          , Rp          , Rp          , Rp          , Re          , Ch          , Ch          , Ww          , Ss          , Re^Gvs      , Re^Gvs      , Re^Gvs      , Re^Gvs      , Re^Gvs      , Re^Gvs      , Re^Gvs      , Re^Gvs      , Re^Gvs      , Gg          , Gg          , Gg          , Gs^Fp       , Gs^Fp       
Gg          , Gg          , Re^Gvs      , Re^Gvs      , Re^Gvs      , Ww          , Ww          , Ww          , Ch          , Ch          , Gg          , Gg          , Re^Gvs      , Re^Gvs      , Hh^Fds      , Hh^Fds      , Rp          , Rp          , Rp          , Ch          , Rr          , Rr          , Rp          , Ch          , Rp          , Rr          , Rr          , Ch          , Rp          , Rp          , Rp          , Rp          , Rp          , Ch          , Ch          , Ch          , Ww          , Ss          , Ss          , Re^Gvs      , Re^Gvs      , Re^Gvs      , Re^Gvs      , Re^Gvs      , Re^Gvs      , Re^Gvs      , Re^Gvs      , Re^Gvs      , Gg          , Gg          , Gg          , Gs^Fp       
Gg          , Gg          , Re^Gvs      , Re^Gvs      , Re^Gvs      , Ww          , Ww          , Ww          , Rp          , Ch          , Re          , Re^Gvs      , Re^Gvs      , Gs^Fds      , Hh^Fds      , Wo          , Rp          , Rp          , Rp          , Ch          , Rr          , Ch          , Ch          , 7 Kh        , Ch          , Ch          , Rr          , Ch          , Rp          , Rp^Vhc      , Rp          , Rp          , Rp          , Ch          , Ch          , Ch          , Ww          , Ww          , Re^Gvs      , Re^Gvs      , Re^Gvs      , Re^Gvs      , Re^Gvs      , Re^Gvs      , Re^Gvs      , Re^Gvs      , Re^Gvs      , Re^Gvs      , Gg          , Gg          , Gg          , Gs^Fp       
Gg          , Gg          , Re^Gvs      , Re^Gvs      , Re^Gvs      , Ww          , Wwf         , Wwf         , Wwf         , Rp          , Re          , Re^Gvs      , Re^Gvs      , Re^Gvs      , Re^Gvs      , Gs^Fds      , Rp          , Rp          , Rp          , Ch          , Rr          , Ch          , Rp          , Ch          , Rp          , Ch          , Rr          , Ch          , Rp          , Rp          , Rp          , Rp          , Rp          , Rp          , Rp          , Ww          , Ww          , Ww          , Re^Gvs      , Re^Gvs      , Re^Gvs      , Re^Gvs      , Re^Gvs      , Re^Gvs      , Re^Gvs      , Re^Gvs      , Re^Gvs      , Gg          , Gg          , Gg          , Gg          , Gg          
Gg          , Re          , Rr          , Re^Gvs      , Rr          , Rr          , Ww^Bw\      , Wwf         , Re          , Ch          , Rr          , Rp          , Rr          , Re^Gvs      , Gs^Fds      , Re^Gvs      , Rp          , Rp          , Rp          , Ch          , Ch          , Rr          , Rp          , Ch          , Rr          , Rr          , Ch          , Ch          , Rp          , Rp          , Rp          , Rp          , Ch          , Rp          , Rp          , Rp          , Ww          , Ww          , Re^Gvs      , Re^Gvs      , Re^Gvs      , Re^Gvs      , Re^Gvs      , Re^Gvs      , Re^Gvs      , Re^Gvs      , Re^Gvs      , Re^Gvs      , Gg          , Gg          , Gg          , Gg          
Re          , Re          , Re          , Rr          , Re          , Re          , Ww          , Re          , Re          , Rr          , Rp          , Rr          , Re^Gvs      , Rr          , Rr          , Ch          , Rr          , Rp          , Rr          , Rp          , Rp          , Rp          , Rr          , Rr          , Rp          , Rr          , Rr          , Rp          , Rp          , Rp^Vhc      , Rp          , Rp          , Rr          , Rr          , Rr          , Rp          , Rp          , Ww          , Rp          , Re^Gvs      , Re^Gvs      , Re^Gvs      , Re^Gvs      , Re^Gvs      , Re^Gvs      , Re^Gvs      , Re^Gvs      , Re^Gvs      , Gg          , Gg          , Gg          , Gg          
Gg          , Gg          , Re^Gvs      , Re^Gvs      , Re^Gvs      , Gg          , Ww          , Ww          , Ch          , Ch          , Re          , Re^Gvs      , Re^Gvs      , Re^Gvs      , Re^Gvs      , Rp          , Rp          , Rr          , Rp          , Rr          , Rr          , Rr          , Ch          , Ch          , Ch          , Rp          , Rp          , Rr          , Rr          , Rp          , Rr          , Rr          , Rp          , Rp          , Rp          , Rr          , Rr          , Ww          , Rp          , Rp          , Rp          , Re^Gvs      , Re^Gvs      , Re^Gvs      , Re^Gvs      , Re^Gvs      , Re^Gvs      , Gg          , Gg          , Gg          , Gg          , Gg          
Gg          , Gg          , Re^Gvs      , Re^Gvs      , Re^Gvs      , Re^Gvs      , Ww          , Ww          , Ch          , Ch          , Re          , Re^Gvs      , Re^Gvs      , Re^Gvs      , Rp^Vhc      , Rp          , Rp          , Rp          , Rp          , Ch          , Rr          , Rp          , Ch          , Kh          , Ch          , Rp          , Rp^Vhc      , Rp          , Rp          , Rr          , Rp          , Rp          , Rp          , Rp          , Ch          , Rp          , Ww          , Ww^Bw\      , Rr          , Rp          , Rp          , Ch          , Re^Gvs      , Re^Gvs      , Re^Gvs      , Re^Gvs      , Gg          , Gg          , Gg          , Gg          , Gg          , Gg          
Gg          , Gg          , Gg          , Re^Gvs      , Re^Gvs      , Re^Gvs      , Ww          , Ww          , Ch          , Ch          , Gs^Fds      , Re^Gvs      , Re^Gvs      , Re^Gvs      , Re          , Rp          , Rp          , Rp          , Rp          , Rr          , Rr          , Rp          , Rp          , Ch          , Rp          , Rp          , Rp          , Rp          , Rp          , Rp          , Rp          , Rp          , Re^Gvs      , Re          , Ch          , Ch          , Ww          , Ww          , Gg          , Rr          , Rr          , Rp          , Rp          , Re^Gvs      , Re^Gvs      , Re^Gvs      , Re^Gvs      , Gg          , Gg          , Gg          , Gg          , Gg          
Gg          , Gg          , Gg          , Re^Gvs      , Re^Gvs      , Re^Gvs      , Ww          , Ww          , Ch          , Ch          , Gs^Fds      , Gg          , Re^Gvs      , Re^Gvs      , Re          , Re          , Gg^Wm       , Rp          , Rp          , Rr          , Rp          , Rp          , Rp          , Rp          , Rp          , Rp          , Rp          , Rp          , Gs^Fds      , Rp          , Re^Gvs      , Re^Gvs      , Re^Gvs      , Re          , Ch          , Ch          , Ww          , Ww          , Re^Gvs      , Re^Gvs      , Re^Gvs      , Rr          , Rr          , Rp          , Re^Gvs      , Re^Gvs      , Gg^Wm       , Gg          , Gg          , Gg          , Gg          , Gg          
Gg          , Gg          , Gg          , Re^Gvs      , Re^Gvs      , Re^Gvs      , Ww          , Ww          , Ch          , Ch          , Gg          , Gg          , Re^Gvs      , Re^Gvs      , Re^Gvs      , Re^Gvs      , Re          , Rp          , Rr          , Rr          , Rp          , Rr          , Rr          , Ch          , Rp          , Rp          , Re^Gvs      , Re^Gvs      , Re^Gvs      , Re^Gvs      , Re^Gvs      , Re^Gvs      , Re^Gvs      , Re          , Ch          , Ch          , Ww          , Ww          , Re^Gvs      , Re^Gvs      , Re^Gvs      , Re^Gvs      , Re^Gvs      , Rr          , Rr          , Re^Gvs      , Gg^Vh       , Gg          , Gg          , Gg          , Gg          , Gg          
Re          , Gg          , Re^Gvs      , Re^Gvs      , Re^Gvs      , Re^Gvs      , Ww          , Ww          , Ch          , Ch          , Re          , Re^Gvs      , Re^Gvs      , Re^Gvs      , Re^Gvs      , Re^Gvs      , Rp          , Rp          , Rr          , Rr          , Rp          , Rp^Vhc      , Rp          , Rr          , Rr          , Rp          , Rp          , Re^Gvs      , Re^Gvs      , Re^Gvs      , Re^Gvs      , Gg^Vh       , Re^Gvs      , Re          , Ch          , Ch          , Ww          , Ww          , Gg          , Re^Gvs      , Re^Gvs      , Re^Gvs      , Re^Gvs      , Re^Gvs      , Re          , Rr          , Rr          , Re          , Re          , Gg          , Gg          , Gg          
Re          , Gg          , Re^Gvs      , Re^Gvs      , Re^Gvs      , Re^Gvs      , Ww          , Ww          , Ch          , Ch          , Re          , Re^Gvs      , Re^Gvs      , Re^Gvs      , Rp          , Rp          , Rp          , Rp          , Rr          , Rp          , Rp          , Rp          , Rp          , Rp          , Rp          , Rr          , Ch          , Rp          , Rp          , Re^Gvs      , Re^Gvs      , Re^Gvs      , Re^Gvs      , Re          , Gg^Fet      , Ch          , Ww          , Ww          , Re^Gvs      , Re^Gvs      , Re^Gvs      , Re^Gvs      , Re^Gvs      , Re^Gvs      , Re^Gvs      , Re^Gvs      , Re^Gvs      , Rr          , Rr          , Re          , Re          , Gg          
Rd          , Re          , Re          , Re^Gvs      , Rd          , Gg          , Gg          , Ww          , Re^Gvs      , Ch          , Re^Gvs      , Re^Gvs      , Ch          , Rp          , Rr          , Rr          , Rp          , Rr          , Ch          , Rr          , Rp          , Rp          , Rp          , Rp          , Rp          , Rp          , Rp          , Rr          , Rr          , Rp          , Rp          , Re^Gvs      , Re^Gvs      , Re          , Ch          , Ch          , Ww          , Ww          , Re^Gvs      , Re^Gvs      , Re^Gvs      , Re^Gvs      , Re^Gvs      , Re^Gvs      , Re^Gvs      , Re^Gvs      , Re^Gvs      , Re          , Rd          , 1 Rr        , Rd          , Rd          
Gg          , Rd          , Rd          , Re          , Re          , Rd          , Re          , Ww          , Re^Gvs      , Re^Gvs      , Rr          , Re^Gvs      , Rr          , Rr          , Rp          , Rp          , Rp          , Rp          , Rr          , Rp          , Rp          , Rp          , Re^Gvs      , Gs^Fds      , Gs^Fds      , Re^Gvs      , Re^Gvs      , Rp          , Rr          , Rr          , Rp          , Rp          , Rp          , Re          , Ch          , Ch          , Ww          , Ww          , Gg          , Re^Gvs      , Re^Gvs      , Re^Gvs      , Re^Gvs      , Re^Gvs      , Re^Gvs      , Re^Gvs      , Re^Gvs      , Gg          , Gg          , Rd          , Rd          , Rd          
Gg          , Gg          , Gg          , Rd          , Rd          , Re          , Rr          , Ww          , Ww^Bw/      , Rr          , Gg          , Rr          , Re          , Gg          , Re          , Rp          , Rp          , Rp          , Rr          , Rp          , Rp          , Rp          , Re^Gvs      , Gs^Fds      , Gg^Fet      , Re^Gvs      , Re^Gvs      , Re^Gvs      , Re^Gvs      , Rr          , Rr          , Rp          , Rp          , Ch          , Ch          , Ch          , Ww          , Ww          , Gg          , Gg          , Re^Gvs      , Re^Gvs      , Re^Gvs      , Re^Gvs      , Re^Gvs      , Re^Gvs      , Gg          , Gg          , Gg          , Gg          , Gg          , Rd          
Gg          , Gg          , Gg          , Gg          , Gg^Wm       , Rd          , Re^Gvs      , Rr          , Ww          , Wwf         , Gg          , Ch          , Ch          , Gs^Fds      , Gg          , Re          , Rp          , Rp          , Rr          , Rp          , Rp          , Re^Gvs      , Re^Gvs      , Re^Gvs      , Re^Gvs      , Re^Gvs      , Gg^Vh       , Re^Gvs      , Re^Gvs      , Re^Gvs      , Re^Gvs      , Rr          , Rr          , Ch          , Ch          , Ch          , Ww          , Ww          , Gg          , Gg          , Gg          , Re^Gvs      , Re^Gvs      , Re^Gvs      , Re^Gvs      , Re^Gvs      , Gg          , Gg          , Gs^Fp       , Gg          , Gg          , Gg          
Gg          , Gg          , Gg          , Gg          , Gg          , Re^Gvs      , Re^Gvs      , Re^Gvs      , Ww          , Ww          , Ww          , Ch          , Ch          , Ch          , Ch          , Gs^Fds      , Rp          , Rp          , Rr          , Rp          , Re^Gvs      , Re^Gvs      , Re^Gvs      , Re^Gvs      , Gg^Vh       , Re^Gvs      , Re^Gvs      , Re^Gvs      , Re^Gvs      , Re^Gvs      , Re^Gvs      , Rr          , Rr          , Rr          , Rr          , Ch          , Ww          , Ww          , Gg          , Gg          , Gg          , Gg^Vh       , Gg          , Re^Gvs      , Gg          , Gg          , Gg          , Gg          , Gs^Fp       , Gs^Fp       , Gs^Fp       , Gg          
Gg          , Gg          , Gg          , Gg          , Gg          , Re^Gvs      , Re^Gvs      , Re^Gvs      , Gg          , Ww          , Ww          , Ww          , Ww          , Ch          , Ch          , Ch          , Rp          , Rp          , Rp          , Rp          , Re^Gvs      , Re^Gvs      , Re^Gvs      , Re^Gvs      , Re^Gvs      , Re^Gvs      , Re^Gvs      , Re^Gvs      , Re^Gvs      , Re^Gvs      , Re          , Rp          , Rp          , Ch          , Rr          , Rr          , Ww          , Gg          , Gg          , Gg          , Gg          , Gg          , Gg          , Gg          , Gg          , Gg          , Gg          , Gg          , Ce          , Gs^Fp       , Gs^Fp       , Gs^Fp       
Gg          , Gg          , Gg          , Gg          , Gg          , Gg          , Gg          , Gg^Vh       , Re^Gvs      , Re^Gvs      , Re^Gvs      , Ww          , Ww          , Ww          , Ww          , Gg          , Rp          , Ch          , 3 Kh        , Ch          , Re^Gvs      , Re^Gvs      , Re          , Re^Gvs      , Re^Gvs      , Re^Gvs      , Re^Gvs      , Re^Gvs      , Gg          , Re          , Ch          , Gs^Fds      , Rp          , Ss          , Ww          , Ww^Bw\      , Rr          , Gg          , Gg          , Gg          , Gg          , Gg          , Gg          , Gg          , Gg          , Gg          , Gg          , Ce          , 5 Ke        , Ce          , Gs^Fp       , Gs^Fp       
Gg          , Gg          , Gg          , Gg          , Gg          , Gg          , Gg          , Gg          , Re^Gvs      , Re^Gvs      , Re^Gvs      , Gg          , Gg          , Ww          , Ww          , Ww          , Ww          , Rp          , Ch          , Re^Gvs      , Re^Gvs      , Ch          , Ch          , Re          , Re          , Re          , Gg          , Gs^Fds      , Gs^Fds      , Ch          , Ch          , Ch          , Ww          , Ww          , Ww          , Ww          , Rd          , Rr          , Rr          , Gg          , Gg          , Gg          , Gg          , Gg          , Gg          , Gg          , Gg          , Ce          , Ce          , Ce          , Gs^Fp       , Gs^Fp       
Re          , Gg          , Re          , Gg          , Gg          , Gg          , Gg          , Gg          , Gg          , Re^Gvs      , Gg          , Gg          , Gg          , Gg          , Rr          , Rr          , Ww          , Ww          , Rr          , Rp          , Re^Gvs      , Ch          , Ch          , Ch          , Ch          , Ch          , Ch          , Gs^Fds      , Ch          , Ch          , Ww          , Ww          , Ww          , Ww          , Ss          , Ss          , Ss          , Rd          , Rd          , Rr          , Rr          , Gg          , Gg          , Gg          , Gg          , Gg          , Gs^Fp       , Gs^Fp       , Gs^Fp       , Gs^Fp       , Gs^Fp       , Gs^Fp       
Re          , Re          , Re          , Re          , Re          , Gg          , Re          , Gg          , Re          , Gg          , Rr          , Rr          , Rr          , Rr          , Re^Gvs      , Re^Gvs      , Re^Gvs      , Ww          , Ww          , Ww          , Ww          , Ww          , Ww          , Ww          , Ww          , Ch          , Ww          , Ch          , Ww          , Ww          , Ww          , Ww          , Ss          , Ss          , Ss          , Ss          , Ss          , Ss          , Ss          , Rr          , Rd          , Rr          , Rr          , Gg          , Gg          , Gg          , Gg          , Gs^Fp       , Gs^Fp       , Gs^Fp       , Gs^Fp       , Gs^Fp       
Rd          , Rd          , Rd          , Re          , Rd          , Re          , Re          , Re          , Re          , Re          , Rd          , Re          , Rd          , Rd          , Re^Gvs      , Re^Gvs      , Re^Gvs      , Rd          , Rr          , Rp          , Gg          , Ww          , Gg          , Ww          , Ww          , Ww          , Ww          , Ww          , Ww          , Ww          , Gg          , Ss          , Gg          , Ss          , Gg          , Ss          , Gg          , Ss          , Gg          , Gg          , Gg          , Rd          , Rd          , Rr          , Re          , Gg          , Gg          , Gg          , Gs^Fp       , Gs^Fp       , Gs^Fp       , Gs^Fp       
Gg          , Gg          , Gg          , Rd          , Gg          , Rd          , Rd          , Rd          , Rd          , Rd          , Gg          , Rd          , Gg          , Gg          , Re^Gvs      , Re^Gvs      , Ch          , Rd          , Rr          , Rp          , Re^Gvs      , Re^Gvs      , Re^Gvs      , Gg          , Gg          , Gg          , Gg          , Gg          , Gg          , Gg          , Gg          , Gg          , Gg          , Gg          , Gg          , Gg          , Gg          , Gg          , Gg          , Gg          , Gg          , Gg^Vh       , Rd          , Rr          , Re          , Gg          , Gg          , Gg          , Gs^Fp       , Gs^Fp       , Gs^Fp       , Gs^Fp       
Gg          , Gg          , Gg          , Gg          , Gg          , Gg          , Gg          , Gg          , Gg          , Gg          , Gg          , Gg          , Re^Gvs      , Re^Gvs      , Re^Gvs      , Re^Gvs      , Rd          , Rr          , Re          , Gg          , Re^Gvs      , Re^Gvs      , Re^Gvs      , Gg          , Gg          , Gg          , Gg          , Gg          , Gg          , Gg          , Gg          , Gg          , Gg          , Gg          , Gg          , Gg          , Gg          , Gg          , Gg          , Gg          , Gg          , Gg          , Rd          , Rr          , Re          , Gg          , Gg          , Gg          , Gs^Fp       , Gs^Fp       , Gs^Fp       , Gs^Fp       
Gg          , Gg          , Gg          , Gg          , Gg          , Gg          , Gg          , Gg          , Gg          , Gg          , Gg          , Gg          , Re^Gvs      , Re^Gvs      , Re^Gvs      , Re^Gvs      , Rd          , Rd          , Re          , Gg          , Gg          , Re^Gvs      , Gg          , Gg          , Gg          , Gg          , Gg          , Gg          , Gg          , Gg          , Gg          , Gg          , Gg          , Gg          , Gg          , Gg          , Gg          , Gg          , Gg          , Gg          , Gg          , Gg          , Rd          , Rr          , Re          , Gg          , Gg          , Gg          , Gg          , Gs^Fp       , Gs^Fp       , Gs^Fp       
Gg          , Gg          , Gg          , Gg          , Gg          , Gg          , Gg          , Gg          , Gg          , Gg          , Gg          , Gg          , Gg          , Re^Gvs      , Gg          , Gg          , Gg          , Rd          , Re          , Gg          , Gg          , Gg          , Gg          , Gg          , Gg          , Gg          , Gg          , Gg          , Gg          , Gg          , Gg          , Gg          , Gg          , Gg          , Gg          , Gg          , Gg          , Gg          , Gg          , Gg          , Gg          , Gg          , Rd          , Rd          , Re          , Gg          , Gg          , Gg          , Gg          , Gs^Fp       , Gs^Fp       , Gs^Fp       
Gg          , Gg          , Gg          , Gg          , Gg          , Gg          , Gg          , Gg          , Gg          , Gg          , Gg          , Gg          , Gg          , Gg          , Gg          , Gg          , Gg          , Rd          , Re          , Gg          , Gg          , Gg          , Gg          , Gg          , Gg          , Gg          , Gg          , Gg          , Gg          , Gg          , Gg          , Gg          , Gg          , Gg          , Gg          , Gg          , Gg          , Gg          , Gg          , Gg          , Gg          , Gg          , Rd          , Rd          , Re          , Gg          , Gg          , Gg          , Gg          , Gs^Fp       , Gs^Fp       , Gs^Fp       
