border_size=1
usage=map

Xu          , Xu          , Xu          , Xu          , Xu          , Xu          , Xu          , Xu          , Xu          , Xu          , Xu          , Xu          , Xu          , Xu          , Xu          , Xu          , Xu          , Xu          , Xu          , Xu          , Xu          , Xu          , Xu          , Xu          , Xu          , Xu          , Xu          , Xu          , Xu          , Xu          , Xu          , Xu          , Xu          , Xu          , Xu          , Xu          , Xu          , Xu          , Xu          , Xu          , Xu          , Xu          , Xu          , Xu          , Xu          , Xu          , Xu          , Xu          , Xu          , Xu          , Xu          , Xu          
Xu          , Xu          , Xu          , Xu          , Xu          , Xu          , Xu          , Xu          , Xu          , Xu          , Xu          , Xu          , Xu          , Xu          , Xu          , Xu          , Uu          , Xu          , Xu          , Xu          , Xu          , Xu          , Xu          , Xu          , Xu          , Xu          , Xu          , Xu          , Xu          , Xu          , Ww          , Xu          , Ur          , Xu          , Uu          , Xu          , Uu^Dr       , Xu          , Xu          , Xu          , Xu          , Xu          , Xu          , Xu          , Xu          , Xu          , Xu          , Xu          , Ww          , Xu          , Xu          , Xu          
Xu          , Xu          , Xu          , Xu          , Xu          , Xu          , Xu          , Xu          , Xu          , Xu          , Xu          , Xu          , Uu^Uf       , Uu^Uf       , Uu^Uf       , Uu          , Uu          , Uu          , Uu          , Ww          , Ww          , Ww          , Ww          , Ww          , Ww          , Ww          , Ww          , Ww          , Ww          , Ww          , Uu          , Uu          , Uu          , Uu          , Ww          , Uu          , Ww          , Uu          , Uu          , Uu          , Xu          , Xu          , Xu          , Xu          , Ww          , Xu          , Ww          , Ww          , Ww          , Ww          , Ww          , Ww          
Xu          , Xu          , Xu          , 1 Kud       , Cud         , Xu          , Xu          , Xu          , Xu          , Xu          , Uu^Uf       , Uu^Uf       , Uu^Uf       , Uu^Uf       , Xu          , Uu          , Uh          , Uu^Dr       , Uh          , Uu          , Ww          , Ww          , Ww          , Ww          , Uu          , Ww          , Uu          , Ww          , Ww          , Ww          , Uu          , Ww          , Ww          , Ww          , Ww          , Ww          , Ww          , Ww          , Ww          , Ww          , Ww          , Ww          , Ww          , Ww          , Ww          , Ww          , Ww          , Ww          , Ww          , Ww          , Ww          , Ww          
Xu          , Xu          , Uu^Uf       , Cud         , Uu          , Uu^Uf       , Uu          , Uu^Uf       , Uu^Uf       , Xu          , Uu^Uf       , Uu^Uf       , Uu          , Xu          , Ww          , Uu          , Uu          , Uh          , Uu          , Uu          , Ww          , Ww          , Uu          , Uu          , Uu          , Uu          , Ur          , Uu          , Uu          , Ww^Syb      , Ww          , Ww          , Ww          , Ww          , Ww          , Ww          , Uu          , Uu          , Ww          , Ww          , Ww          , Ww          , Ww          , Wo          , Chw         , Ww          , Wo          , Wo          , Wo          , Ww^Vm       , Ww          , Ww          
Uu          , Uu          , Uh          , Uu          , Uh          , Ur          , Uu          , Uu          , Uu          , Uu^Uf       , Uu^Uf       , Uu          , Uu          , Uu          , Ww          , Uu          , Uu          , Uu          , Ww          , Ww          , Ww          , Ww          , Uu          , Uh          , Uu          , Ur          , Uu          , Ur          , Uu          , Uu          , Ww          , Ww          , Ww          , Ww          , Wo          , Ww          , Ww          , Wwf         , Ww          , Ww          , Ww          , Ww^Vm       , Ww          , Ww          , Ww          , Chw         , Chw         , 2 Khw       , Chw         , Ww          , Ww          , Ww          
Uh          , Uh          , Uh          , Uh          , Uu          , Uu          , Uu^Dr       , Uu          , Ww          , Uu          , Uu          , Uu          , Uu          , Uu          , Ww          , Ww          , Ww          , Ww          , Ww          , Ww          , Ww          , Ww          , Ww          , Uu          , Ww          , Uu          , Ww^Bw|      , Uu          , Uu          , Uu          , Ww          , Ww          , Ww          , Wo          , Wo          , Wo          , Wo          , Ww          , Ww          , Wo          , Ww          , Ww          , Uu          , Uu          , Uu          , Ww          , Ww          , Chw         , Ww          , Chw         , Ww          , Ww          
Uu          , Uu          , Ur          , Uu          , Uu          , Uu^Dr       , Uu          , Uu          , Ww          , Ww          , Ww          , Ww          , Ww          , Ww          , Ww          , Ww          , Ww          , Ww          , Ww^Syb      , Ww          , Ww          , Ww          , Ww          , Ww          , Ww          , Ww          , Ww^Bw|      , Ww          , Ww          , Ww          , Ww          , Ww          , Ww          , Wo          , Ww          , Wo          , Ww          , Ww          , Ww          , Wo          , Ww          , Ww          , Uu          , Ur          , Uu          , Ww          , Wo          , Ww^Vm       , Ww          , Ww          , Ww          , Ww          
Uu          , Uu          , Ur          , Uu          , Uu          , Uu          , Uu          , Uu          , Ww          , Ww          , Ww          , Ww          , Ww          , Ww          , Uu          , Ww          , Uu          , Uu          , Uu          , Ww          , Ww          , Ww          , Wo          , Wo          , Wo          , Ww          , Ww^Bw|      , Ww          , Ww^Syb      , Ww          , Ww          , Ww          , Ww          , Ww          , Ww          , Ww          , Ww^Vm       , Ww          , Ww          , Ww          , Uu          , Uu          , Ur          , Ur          , Uu          , Ww          , Ww          , Ww          , Ww^Vm       , Ww          , Ww          , Ww          
Uu          , Uu          , Ur          , Uu          , Uu          , Ww          , Ww          , Ww          , Ww          , Ww          , Ww          , Ww          , Uu          , Uu          , Uu          , Uu          , Uh          , Uu          , Uu          , Uu          , Uu          , Ww          , Ww          , Wo          , Ww          , Ww          , Ur          , Uu          , Uu          , Ww          , Ww          , Ww          , Ww          , Ww          , Ww          , Ww          , Ww          , Ww          , Ww          , Ww          , Ur          , Ur          , Uu          , Uu          , Ww          , Ww          , Ww          , Ww          , Wo          , Wo          , Wo          , Ww          
Uu          , Uu^Uf       , Ur          , Uu          , Uu          , Ww          , Ww          , Ww          , Uu          , Ww          , Ww          , Uu          , Uh          , Uu^Uf       , Uu^Uf       , Uu^Uf       , Xu          , Uh          , Uh          , Uu          , Uu          , Ww          , Ww          , Ww          , Ww          , Ww          , Ur          , Uh          , Uu          , Ww          , Ww          , Ww          , Ww          , Ww          , Ww          , Ww          , Ww          , Ww          , Uu          , Ww^Bw/      , Ww          , Uu          , Ww          , Ww          , Ww          , Ww          , Ww          , Ww          , Wo          , Wo          , Wo          , Ww          
Uu          , Uu^Uf       , Ur          , Uu          , Uu          , Ww          , Ww          , Uu          , Uu          , Ww          , Ww          , Uu          , Uu^Dr       , Uu^Uf       , Xu          , Xu          , Xu          , Xu          , Xu          , Uh          , Uu          , Ww          , Ww          , Ww          , Ww^Bw/      , Uu          , Ur          , Uu          , Ww^Bw\      , Ww          , Ww          , Ww          , Ww          , Ww          , Uu          , Ww          , Uu          , Uu          , Ur          , Uu          , Ww          , Ww          , Ww          , Ww          , Ww          , Ww          , Ww          , Ww          , Wo          , Wo          , Wo          , Wo          
Uu          , Uu          , Ur          , Uu          , Uu          , Ww          , Ww          , Ww^Syb      , Ww          , Ww          , Ww          , Uu          , Uu          , Uu^Uf       , Xu          , Xu          , Xu          , Xu          , Xu          , Uh          , Uu          , Uu          , Ww^Bw/      , Ww^Bw/      , Ww          , Uu          , Uu          , Uu          , Ww          , Ww^Bw\      , Ww^Bw\      , Ww          , Ww          , Uu          , Uu          , Uu          , Uu          , Ur          , Uu          , Uu          , Ww          , Ww          , Ww          , Ww          , Ww          , Ww          , Ww          , Ww^Vm       , Wo          , Wo          , Wo          , Wo          
Uu          , Uu          , Rp          , Uu          , Uu          , Ww          , Uu          , Ww          , Ww          , Ww          , Ww          , Uu          , Uu          , Uu          , Xu          , Xu          , Xu          , Xu          , Uu^Dr       , Uu          , Uu          , Uu          , Ww          , Ww          , Ww          , Ww          , Ww^Bw|      , Ww          , Ww          , Ww          , Ww          , Ww^Bw\      , Uu          , Uu          , Uu          , Uu^Dr       , Uu          , Uu          , Uu          , Ww          , Ww^Syb      , Ww          , Ww          , Ww          , Ww          , Wo          , Wo          , Wo          , Wo          , Wo          , Wo          , Wo          
Uu          , Uu          , Ur          , Uu          , Uu          , Uu          , Uh          , Uu          , Uu          , Ww          , Ww          , Ww          , Ww          , Ww          , Ww          , Xu          , Uu          , Uu          , Uu          , Uu          , Ww          , Ww          , Ww          , Ww          , Wo          , Ww          , Ww^Bw|      , Ww          , Ww          , Ww          , Ww          , Uu          , Uu          , Uu          , Xu          , Uu          , Xu          , Uu          , Uu          , Uu          , Uu          , Ww          , Ww          , Ww          , Ww          , Ww          , Ww          , Wo          , Wo          , Wo          , Wo          , Wo          
Uu          , Uu          , Ur          , Uu^Uf       , Uu          , Uh          , Uh          , Uu          , Uu          , Ww          , Ww          , Ww          , Ww          , Ww          , Ww          , Wwf         , Uu          , Uu          , Uu          , Uu          , Ww          , Ww          , Ww          , Wo          , Wo          , Ww          , Ww^Bw|      , Ww          , Ww          , Ww          , Uu          , Uu          , Uu          , Uu^Dr       , Xu          , Xu          , Xu          , Uu^Dr       , Uu          , Uu^Dr       , Uu          , Uu          , Ww          , Ww          , Ww          , Ww          , Ww          , Wo          , Wo          , Wwr         , Wo          , Wo          
Uu          , Uu          , Ur          , Uu^Uf       , Ur          , Uu          , Uu          , Uu          , Uu          , Ww          , Uu          , Uu          , Uu          , Wwf         , Wwf         , Wwf         , Wwf         , Uu          , Ww^Syb      , Ww          , Ww          , Ww          , Wo          , Wo          , Ww          , Ww          , Ww^Bw|      , Ww          , Ww          , Ww          , Ur          , Uu          , Ur          , Xu          , Xu          , Xu          , Xu          , Xu          , Xu          , Uu          , Ur          , Uu          , Ur          , Ww          , Ww          , Ww          , Ww          , Wo          , Wo          , Wwr         , Wo          , Wo          
Uu          , Uu          , Ur          , Ur          , Rp          , Ur          , Uu          , Uu          , Uu          , Uu          , Uu^Dr       , Uu          , Uu          , Wwf         , Ww          , Ww          , Ww          , Wwf         , Ww          , Ww          , Ww          , Ww          , Ww          , Ww          , Ww          , Ww          , Uu          , Ww          , Ww          , Ww          , Ww          , Ur          , Uu          , Ur          , Ur          , Xu          , Ur          , Xu          , Ur          , Ur          , Ur          , Ur          , Uu          , Ww          , Ww          , Ww          , Ww          , Wo          , Wo          , Wwr         , Wo          , Wo          
Uu          , Uu          , Rp          , Uu          , Uu          , Uu          , Uh          , Uh          , Uh          , Uu          , Uu          , Uu          , Ww          , Ww          , Ww          , Ww          , Ww          , Ww          , Ww          , Ww          , Ww          , Ww          , Ww          , Ww          , Uu          , Uu          , Ur          , Uu          , Ww^Syb      , Ww          , Ww          , Ww          , Uu          , Uu          , Uu          , Ur          , Uu          , Ur          , Uu          , Uu          , Uu          , Uu          , Ww          , Ww          , Ww          , Ww          , Ww          , Ww          , Ww          , Wo          , Wo          , Wo          
Uu          , Uu          , Rp          , Uu          , Uu          , Uu          , Uu          , Uu          , Ww          , Uu          , Ww          , Ww          , Ww          , Ww          , Ww          , Ww          , Ww          , Ww          , Ww          , Ww          , Ww          , Ww          , Ww^Bw/      , Ww^Bw/      , Uu          , Uh          , Uu          , Uu          , Ww          , Ww          , Ww          , Ww          , Ww          , Uu          , Ww^Syb      , Uu          , Uu          , Uu          , Ww          , Uu          , Ww          , Ww          , Ww          , Ww          , Ww          , Ww          , Wo          , Ww          , Wo          , Wo          , Wo          , Wo          
Uu          , Uu          , Rp          , Uu          , Uu          , Ww          , Ww^Syb      , Ww          , Ww          , Ww          , Ww          , Ww          , Ww          , Ww          , Xu          , Xu          , Xu          , Ww          , Uu          , Uu          , Uu          , Ww^Bw/      , Ww          , Ww          , Ww          , Uu          , Ww^Bw\      , Ww          , Ww          , Ww          , Ww          , Ww          , Ww          , Ww          , Ww          , Ww          , Ww          , Ww          , Ww          , Ww          , Ww          , Ww          , Uu          , Uu          , Ww          , Ww          , Ww          , Ww          , Wo          , Wo          , Wo          , Wo          
Uu          , Uu          , Rp          , Uu          , Uu          , Ww          , Ww          , Ww          , Wo          , Ww          , Ww          , Ww          , Ww          , Ww          , Xu          , Xu          , Xu          , Xu          , Uh          , Uu          , Uu^Dr       , Ww          , Ww          , Ww          , Ww          , Ww          , Ww          , Ww^Bw\      , Ww^Bw|      , Ww          , Ww          , Ww          , Ww          , Ww          , Ww          , Ww          , Ww          , Ww          , Ww          , Ww          , Ww          , Ww          , Ww          , Uu          , Ww          , Ww          , Ww          , Wo          , Wo          , Wo          , Wwr         , Wo          
Uu          , Uu          , Rp          , Uu          , Uu          , Ww          , Ww          , Wo          , Wo          , Ww          , Ww          , Ww          , Ww          , Xu          , Xu          , Xu          , Xu          , Xu          , Xu          , Uu          , Uu          , Uu          , Ww          , Ww          , Ww          , Ww          , Ww          , Ww          , Ww^Bw|      , Ww          , Ww          , Ww^Syb      , Ww          , Ww          , Uu          , Uu          , Uu          , Ww          , Uu          , Ww          , Ww          , Wo          , Wo          , Ww          , Ww          , Ww          , Wo          , Wo          , Wo          , Wwr         , Wwr         , Wo          
Uu          , Rp          , Rp          , Uu          , Uu          , Ww          , Ww          , Ww          , Ww          , Ww          , Ww          , Ww          , Ww          , Xu          , Xu          , Xu          , Xu          , Xu          , Uh          , Uu          , Uu          , Uu          , Ww          , Ww          , Ww          , Ww          , Ww          , Ww          , Ww^Bw\      , Ww          , Uu          , Uu          , Uu          , Uu          , Uu^Uf       , Uu          , Uu          , Uu          , Uu          , Uu          , Ww          , Ww          , Ww          , Wo          , Wo          , Wo          , Ww          , Ww          , Wo          , Wwr         , Wwr         , Wo          
Uu          , Rp          , Rp          , Uu          , Uu          , Ww          , Ww          , Ww          , Ww          , Ww          , Uu          , Uu          , Uu          , Uu          , Uh          , Xu          , Xu          , Xu          , Uh          , Uu          , Uu          , Ww          , Ww          , Ww          , Ww          , Ww          , Ww          , Ww          , Ww          , Ww^Bw\      , Ur          , Uu          , Uu^Uf       , Uu^Uf       , Uu^Uf       , Uu          , Xu          , Uh          , Uh          , Uu          , Uu          , Ww          , Ww          , Ww          , Ww          , Wo          , Wo          , Ww          , Wo          , Wo          , Wo          , Wo          
Uu          , Rp          , Rp          , Uu          , Uu          , Ww          , Ww          , Ww          , Ww          , Ww          , Uu          , Uu          , Uu^Uf       , Uu          , Uu          , Uh          , Uu          , Uh          , Uu          , Uu          , Ww^Syb      , Ww          , Ww          , Ww          , Ww          , Ww          , Ww          , Ww          , Ww          , Ww          , Uu          , Ur          , Ur          , Uu^Uf       , Xu          , Xu          , Xu          , Xu          , Uh          , Uh          , Uu          , Uu          , Ur          , Ww          , Ww          , Ww          , Wo          , Ww          , Wo          , Wo          , Wo          , Wo          
Uu          , Rp          , Rp          , Uu          , Uu          , Ww          , Ww          , Ww          , Ww          , Ww          , Ww          , Uu          , Uu          , Uu^Uf       , Uu^Dr       , Uu          , Uh          , Uu          , Uu          , Uu          , Ww          , Ww          , Ww          , Ww          , Wo          , Ww          , Ww          , Ww          , Ww          , Ww          , Ww          , Uu          , Ur          , Ur          , Uu^Dr       , Xu          , Xu          , Xu          , Xu          , Uu          , Ur          , Ur          , Uu          , Ww^Bw\      , Ww^Bw\      , Ww          , Ww          , Ww          , Wo          , Wo          , Wo          , Wo          
Uu          , Rp          , Rp          , Uu          , Uu          , Ww          , Ww          , Uu          , Ww          , Ww          , Ww          , Ww          , Uu          , Uu          , Uu          , Uu          , Uu          , Uu          , Ww          , Ww          , Ww          , Ww          , Ww          , Ww          , Wo          , Ww          , Ww          , Ww          , Ww          , Ww          , Ww          , Uu          , Uu          , Ur          , Ur          , Xu          , Xu          , Xu          , Ur          , Ur          , Uu          , Uu          , Ww          , Ww          , Ww          , Ww          , Ww          , Ww          , Wo          , Wo          , Wo          , Wo          
Uu          , Rp          , Rp          , Uu          , Ur          , Ww          , Ww          , Ww          , Uu          , Ww          , Ww          , Ww          , Ww^Bw/      , Uu          , Ww          , Ww          , Ww          , Ww          , Ww          , Ww          , Ww          , Ww          , Ww          , Ww          , Wo          , Ww          , Ww          , Ww          , Ww          , Ww          , Ww          , Ww          , Uu          , Uu          , Uu^Uf       , Ur          , Ur          , Ur          , Uu^Uf       , Uu          , Uu          , Ww          , Ww          , Ww          , Ww          , Ww          , Ww          , Ww          , Wo          , Wo          , Wo          , Wo          
Rr          , Rp          , Rr          , Rp          , Rr          , Ur          , Rr          , Cud         , Cud         , Uu          , Uu          , Ww^Bw/      , Ww          , Ww          , Ww          , Ww          , Ww          , Ww          , Ww          , Ww          , Ww          , Ww          , Ww          , Ww          , Wo          , Ww          , Ww          , Ww          , Ww          , Ww          , Ww          , Ww          , Ww          , Uu          , Uu          , Uu^Uf       , Ur          , Uu^Uf       , Uu          , Uu          , Ww          , Ww          , Ww          , Ww          , Ww          , Ww          , Ww          , Ww          , Wo          , Wo          , Wo          , Wo          
Rr          , Rr          , Rr          , Rr          , Rr          , Rr          , Rr          , Rr          , Rr          , Cud         , Uu          , Ww^Bw\      , Ww^Bw\      , Ww          , Ww          , Ww          , Ww          , Ww          , Ww          , Ww          , Ww          , Ww          , Wo          , Wo          , Wo          , Wo          , Wo          , Ww          , Ww          , Ww          , Ww          , Ww          , Ww          , Uu          , Uu          , Uu          , Ur          , Ur          , Uu          , Uu          , Ww          , Ww          , Ww          , Ww          , Ww          , Ww          , Ww          , Ww          , Wo          , Wo          , Wo          , Wo          
Rr          , Rr          , Rr          , Rr          , Rr          , Rr          , Rr          , Rr          , Rr          , 3 Kud       , Uu          , Ww          , Ww          , Uu          , Uu          , Ww          , Wwf         , Ww          , Ww          , Ww          , Ww          , Wo          , Wo          , Wo          , Wo          , Wo          , Wo          , Wo          , Ww          , Ww          , Ww          , Ww          , Ww          , Ww          , Ww          , Ww          , Ww^Bw|      , Ww          , Ww          , Ww          , Ww          , Ww          , Ww          , Ww          , Ww          , Ww          , Wo          , Wo          , Wo          , Wo          , Wo          , Wo          
Xu          , Rr          , Uu          , Rp          , Rp          , Rr          , Uu          , Rr          , Cud         , Cud         , Uu          , Ww          , Ww          , Ww          , Wwf         , Uh          , Ww          , Ww          , Wo          , Wo          , Wo          , Wo          , Wo          , Wo          , Wo          , Wo          , Wo          , Wo          , Ww          , Ww          , Ww          , Ww          , Ww          , Ww          , Ww          , Ww          , Ww^Bw|      , Ww          , Ww          , Ww          , Ww          , Ww          , Uu          , Ww^Syb      , Ww          , Ww          , Wo          , Wo          , Wo          , Wo          , Wo          , Wo          
Xu          , Uu          , Uu          , Uu          , Ur          , Rp          , Uu          , Cud         , Uu          , Uu          , Ww          , Ww          , Ww          , Ww          , Ww          , Ww^Syb      , Ww          , Ww          , Ww          , Ww          , Ww          , Wo          , Wo          , Wo          , Wo          , Wo          , Wo          , Wo          , Ww          , Ww          , Uu          , Uu          , Uu          , Uu          , Uu          , Uu          , Ur          , Uu          , Ww          , Ww          , Ww          , Uu          , Uu          , Uu          , Uu          , Ww          , Wo          , Wo          , Wo          , Wo          , Wo          , Wo          
Xu          , Xu          , Uu          , Uu^Uf       , Uu^Uf       , Rp          , Rp          , Uu          , Uu          , Ww          , Ww          , Ww          , Ww          , Ww          , Ww          , Ww          , Ww          , Ww          , Ww          , Ww          , Ww          , Wo          , Wo          , Wo          , Wo          , Wo          , Ww          , Ww          , Ww          , Uu          , Ww^Syb      , Uu          , Ww          , Uu          , Uu          , Uu          , Uu          , Ur          , Ww^Bw\      , Ww          , Ww^Bw/      , Ur          , Ww          , Uu          , Uu          , Ww          , Wo          , Wo          , Wo          , Wo          , Wo          , Wo          
Xu          , Xu          , Uu          , Uu^Uf       , Uu^Uf       , Uu^Uf       , Rp          , Rp          , Uu          , Uu          , Ww          , Ww          , Ww          , Ww          , Ww          , Ww          , Ww          , Ww          , Ww          , Ww          , Ww          , Ww          , Ww          , Ww          , Ww          , Ww          , Ww          , Ww          , Ww          , Ww          , Ww          , Ww          , Ww          , Ww          , Ww^Bw|      , Ww          , Ww          , Ww          , Ww          , Ww^Bw\      , Ww          , Ww          , Ww          , Ww          , Ww          , Ww          , Wo          , Wo          , Wo          , Wo          , Wo          , Wo          
Xu          , Xu          , Xu          , Uu          , Uu          , Uu^Uf       , Uu          , Rp          , Rp          , Uu          , Uu          , Uu          , Uu          , Uu          , Uu          , Ww          , Uu          , Ww          , Ww          , Ww          , Ww^Syb      , Ww          , Ww          , Ww          , Ww          , Ww          , Ww          , Ww          , Ww          , Ww          , Ww          , Ww          , Ww          , Ww          , Ww^Bw|      , Ww          , Ww          , Ww          , Ww          , Ww          , Ww          , Ww          , Ww          , Ww          , Ww          , Ww          , Ww          , Wo          , Wo          , Wo          , Wo          , Wo          
Xu          , Xu          , Xu          , Xu          , Xu          , Uu          , Uu          , Uu          , Uu          , Rp          , Rp          , Ur          , Ur          , Ur          , Ur          , Uu          , Ur          , Uu          , Ur          , Uu          , Uu          , Ww          , Uu          , Ww          , Uu          , Uu          , Uu          , Ww          , Ww          , Ww          , Ww          , Ww          , Ww          , Ww          , Uu          , Ww          , Uu          , Ww          , Ww          , Xu          , Xu          , Ww          , Ww          , Ww          , Ww          , Ww          , Ww          , Ww          , Wo          , Wo          , Wo          , Wo          
Xu          , Xu          , Xu          , Xu          , Xu          , Xu          , Xu          , Uu          , Xu          , Uu          , Xu          , Uu          , Xu          , Uu          , Xu          , Ur          , Uu          , Ur          , Ur          , Ur          , Ur          , Ur          , Ur          , Ur          , Ur          , Ur          , Ur          , Uu          , Ur          , Ww          , Uu          , Uu          , Uu          , Uu          , Ur          , Uu          , Uu^Uf       , Uu          , Uu          , Xu          , Xu          , Xu          , Xu          , Ww          , Ww          , Ww          , Ww          , Ww          , Ww          , Wo          , Wo          , Wo          
Xu          , Xu          , Xu          , Xu          , Xu          , Xu          , Xu          , Xu          , Xu          , Xu          , Xu          , Xu          , Xu          , Xu          , Xu          , Xu          , Xu          , Uh          , Xu          , Uu          , Xu          , Uu          , Uh          , Uh          , Uh          , Uu          , Uu          , Ur          , Uu          , Ur          , Ur          , Ur          , Ur          , Ur          , Uu          , Ur          , Uu^Uf       , Uu^Uf       , Uu^Uf       , Xu          , Xu          , Xu          , Xu          , Xu          , Xu          , Xu          , Xu          , Ww          , Ww          , Ww          , Ww          , Ww          
Xu          , Xu          , Xu          , Xu          , Xu          , Xu          , Xu          , Xu          , Xu          , Xu          , Xu          , Xu          , Xu          , Xu          , Xu          , Xu          , Xu          , Xu          , Xu          , Xu          , Xu          , Xu          , Xu          , Xu          , Xu          , Xu          , Xu          , Uu          , Uu^Dr       , Uu          , Uu^Dr       , Uu          , Uu          , Uu          , Uu^Uf       , Uu^Uf       , Uu^Uf       , Uu^Uf       , Xu          , Xu          , Xu          , Xu          , Xu          , Xu          , Xu          , Xu          , Xu          , Ww          , Xu          , Ww          , Ww          , Ww          
Xu          , Xu          , Xu          , Xu          , Xu          , Xu          , Xu          , Xu          , Xu          , Xu          , Xu          , Xu          , Xu          , Xu          , Xu          , Xu          , Xu          , Xu          , Xu          , Xu          , Xu          , Xu          , Xu          , Xu          , Xu          , Xu          , Xu          , Xu          , Xu          , Xu          , Xu          , Xu          , Xu          , Xu          , Xu          , Xu          , Xu          , Xu          , Xu          , Xu          , Xu          , Xu          , Xu          , Xu          , Xu          , Xu          , Xu          , Xu          , Xu          , Xu          , Xu          , Xu          
