border_size=1
usage=map

Xu          , Xu          , Xu          , Xu          , Xu          , Xu          , Xu          , Xu          , Xu          , Xu          , Xu          , Xu          , Xu          , Xu          , Xu          , Xu          , Xu          , Xu          , Xu          , Xu          , Xu          , Xu          , Xu          , Xu          , Xu          , Xu          , Xu          , Xu          , Xu          , Xu          , Xu          , Xu          , Xu          , Xu          , Xu          , Xu          , Xu          , Xu          , Xu          , Xu          , Xu          , Xu          , Xu          , Xu          , Xu          , Xu          
Xu          , Xu          , Xu          , Xu          , Xu          , Xu          , Xu          , Xu          , Xu          , Xu          , Xu          , Xu          , Xu          , Xu          , Xu          , Xu          , Xu          , Xu          , Xu          , Xu          , Xu          , Xu          , Xu          , Xu          , Xu          , Xu          , Xu          , Xu          , Xu          , Xu          , Xu          , Xu          , Xu          , Xu          , Xu          , Xu          , Xu          , Xu          , Xu          , Xu          , Xu          , Xu          , Xu          , Xu          , Xu          , Xu          
Xu          , Xu          , Xu          , Xu          , Xu          , Xu          , Xu          , Xu          , Uh          , Xu          , Xu          , Xu          , Xu          , Xu          , Xu          , Xu          , Xu          , Xu          , Xu          , Xu          , Xu          , Xu          , Xu          , Xu          , Xu          , Xu          , Xu          , Xu          , Xu          , Xu          , Xu          , Xu          , Xu          , Xu          , Xu          , Xu          , Xu          , Xu          , Xu          , Xu          , Xu          , Xu          , Xu          , Xu          , Xu          , Xu          
Xu          , Xu          , Xu          , Xu          , Xu          , Xu          , Uh          , Uh          , Uu^Vu       , Uu          , Uu          , Uu^Uf       , Uu          , Xu          , Xu          , Xu          , Xu          , Xu          , Xu          , Xu          , Xu          , Xu          , Xu          , Xu          , Xu          , Xu          , Xu          , Xu          , Xu          , Xu          , Xu          , Xu          , Xu          , Xu          , Xu          , Xu          , Xu          , Xu          , Xu          , Xu          , Xu          , Xu          , Xu          , Xu          , Xu          , Xu          
Xu          , Xu          , Xu          , Xu          , Xu          , Xu          , Uh          , Uh          , Uu          , Ur          , Uu          , Uu          , Uu          , Uh          , Uh          , Xu          , Xu          , Xu          , Xu          , Xu          , Xu          , Xu          , Xu          , Xu          , Xu          , Xu          , Xu          , Xu          , Xu          , Xu          , Xu          , Xu          , Xu          , Xu          , Xu          , Xu          , Xu          , Xu          , Xu          , Xu          , Xu          , Xu          , Xu          , Xu          , Xu          , Xu          
Xu          , Xu          , Xu          , Xu          , Xu          , Xu          , Uh          , Uh          , Uu          , Ur          , Uh          , Uu          , Uu          , Uu          , Uu          , Uh          , Uh          , Xu          , Xu          , Xu          , Xu          , Xu          , Xu          , Xu          , Xu          , Xu          , Xu          , Xu          , Xu          , Xu          , Xu          , Xu          , Xu          , Xu          , Xu          , Xu          , Xu          , Xu          , Xu          , Xu          , Uh          , Xu          , Uh          , Xu          , Xu          , Xu          
Xu          , Xu          , Xu          , Xu          , Xu          , Xu          , Uh          , Uu          , Uu          , Ce          , Ce          , 1 Ke        , Uu          , Uu          , Uu          , Uu^Uf       , Uh          , Xu          , Xu          , Xu          , Xu          , Xu          , Xu          , Xu          , Uh          , Xu          , Uh          , Xu          , Uh          , Xu          , Xu          , Xu          , Xu          , Xu          , Xu          , Xu          , Xu          , Xu          , Uh          , Uh          , Uh          , Uh          , Uh          , Xu          , Xu          , Xu          
Xu          , Xu          , Xu          , Xu          , Xu          , Xu          , Xu          , Uu          , Uu          , Ce          , Ce          , Ce          , Ce          , Uu          , Uu          , Uu          , Uh          , Uh          , Xu          , Xu          , Xu          , Xu          , Xu          , Uh          , Uu^Uf       , Uh          , Uu          , Uh          , Uu          , Uh          , Uh          , Xu          , Xu          , Xu          , Xu          , Xu          , Xu          , Uh          , Uh          , Uh          , Uu^Vu       , Uh          , Uh          , Xu          , Xu          , Xu          
Xu          , Xu          , Xu          , Xu          , Xu          , Xu          , Xu          , Uu          , Uu          , Uu          , Uu          , Uu          , Uh          , Ur          , Ur          , Uu          , Uu^Vu       , Xu          , Xu          , Xu          , Xu          , Xu          , Uh          , Uh          , Uu^Uf       , Uu          , Uu^Vu       , Uu          , Uu          , Uu          , Uh          , Xu          , Xu          , Xu          , Xu          , Xu          , Uh          , Uh          , Uu^Uf       , Uh          , Uu          , Uh          , Uh          , Xu          , Xu          , Xu          
Xu          , Xu          , Xu          , Uh          , Uh          , Xu          , Uu^Uf       , Uu          , Uu          , Uu          , Uh          , Uh          , Uh          , Uu          , Uu          , Ur          , Uu          , Uu^Uf       , Xu          , Xu          , Xu          , Uu          , Uh          , Uh          , Uu^Uf       , Uu          , Uu          , Uu          , Uu          , Uu          , Uu          , Uh          , Xu          , Xu          , Xu          , Xu          , Uu^Uf       , Uu          , Uu          , Uu          , Uu          , Uu          , Uh          , Uh          , Xu          , Xu          
Xu          , Xu          , Xu          , Uh          , Uh          , Uh          , Uu          , Ur          , Uu          , Uh          , Uh          , Uh          , Uh          , Uh          , Uu          , Ur          , Uu          , Uu^Uf       , Xu          , Xu          , Xu          , Xu          , Uh          , Uu^Uf       , Uu^Uf       , Uu^Uf       , Uu^Uf       , Uu^Uf       , Uu          , Uu          , Uu          , Uh          , Xu          , Xu          , Xu          , Xu          , Uu^Uf       , Uu          , Uu          , Uu          , Uu          , Uu          , Uu^Uf       , Uh          , Xu          , Xu          
Xu          , Xu          , Xu          , Uh          , Uu^Vu       , Uh          , Uu          , Ur          , Uu          , Uu          , Uh          , Uh          , Uh          , Uh          , Uu          , Ur          , Uu          , Uu^Uf       , Uu^Uf       , Xu          , Xu          , Xu          , Xu          , Uh          , Uh          , Uu^Uf       , Uu^Vu       , Uu          , Uu          , Uu          , Uu          , Uh          , Uh          , Xu          , Uu^Uf       , Uu^Uf       , Uu^Uf       , Uu^Uf       , Uu          , Uu          , Uu          , Uu          , Uu^Uf       , Uh          , Xu          , Xu          
Xu          , Xu          , Xu          , Uh          , Uh          , Ur          , Ur          , Ur          , Re          , Uu          , Uu          , Uu^Vu       , Uu          , Uu          , Uu^Uf       , Ur          , Uu          , Uu          , Uu^Uf       , Xu          , Xu          , Xu          , Xu          , Uh          , Uh          , Uh          , Uh          , Uu          , Uu          , Uu          , Uu          , Uu          , Uu          , Uh          , Uu          , Uu          , Uu          , Uu          , Uu          , Uu^Vyb      , Uu          , Uu^Uf       , Uu^Uf       , Uu^Uf       , Xu          , Xu          
Xu          , Xu          , Xu          , Uh          , Uu          , Uu          , Ur          , Ur          , Re          , Re          , Re          , Ur          , Uu          , Uu          , Ur          , Ur          , Uu          , Uu          , Uu          , Uu^Uf       , Xu          , Xu          , Xu          , Xu          , Xu          , Uh          , Uh          , Uh          , Uh          , Uu          , Uu          , Uu          , Uu          , Uu          , Uu          , Uu          , Uh          , Uu          , Uu          , Uu          , Uu          , Uu          , Uh          , Uh          , Xu          , Xu          
Xu          , Xu          , Xu          , Uh          , Uu          , Ur          , Ur          , Re          , Uu          , Uu          , Uu          , Ur          , Ur          , Ur          , Uu          , Uu          , Uu          , Uu          , Uu          , Uu^Uf       , Uu^Uf       , Xu          , Xu          , Xu          , Xu          , Xu          , Xu          , Xu          , Xu          , Uh          , Uh          , Uu          , Ur          , Uu          , Uh          , Uh          , Xu          , Xu          , Xu          , Uu          , Uu          , Uu          , Uu          , Xu          , Xu          , Xu          
Xu          , Xu          , Xu          , Uu          , Ur          , Re          , Uu          , Uu          , Xu          , Xu          , Xu          , Uu          , Ur          , Ur          , Re          , Re          , Re          , Uu          , Uu          , Uu          , Uh          , Xu          , Xu          , Xu          , Xu          , Xu          , Xu          , Xu          , Xu          , Uh          , Uh          , Uu          , Ur          , Uu          , Uh          , Xu          , Xu          , Xu          , Xu          , Uu          , Uu          , Uu          , Uu          , Xu          , Xu          , Xu          
Xu          , Xu          , Xu          , Uu          , Ur          , Ur          , Uu          , Xu          , Xu          , Xu          , Xu          , Uu          , Ur          , Re          , Re          , Re          , Re          , Re          , Uu          , Uu          , Uh          , Xu          , Xu          , Xu          , Xu          , Xu          , Xu          , Xu          , Xu          , Xu          , Uh          , Uu          , Ur          , Uu          , Uh          , Xu          , Xu          , Xu          , Uu          , Uu          , Uu          , Uu^Uf       , Uu^Uf       , Xu          , Xu          , Xu          
Xu          , Xu          , Xu          , Uu          , Ur          , Ur          , Uu          , Xu          , Xu          , Xu          , Xu          , Uu          , Ur          , Re          , Re          , Uu^Vyb      , Re          , Re          , Uu          , Uu          , Uh          , Xu          , Xu          , Xu          , Xu          , Xu          , Xu          , Xu          , Xu          , Xu          , Uh          , Uu          , Ur          , Uu          , Uu          , Uh          , Uu          , Uu          , Uu          , Uu          , Uu          , Uu^Uf       , Uu^Uf       , Xu          , Xu          , Xu          
Xu          , Xu          , Xu          , Uu          , Re          , Ur          , Uu          , Xu          , Xu          , Xu          , Uu^Uf       , Uu          , Ur          , Re          , Re          , Re          , Re          , Re          , Uu          , Uu          , Xu          , Xu          , Xu          , Xu          , Xu          , Xu          , Xu          , Xu          , Xu          , Uh          , Uu          , Uu          , Ur          , Ur          , Uu          , Uu          , Ur          , Ur          , Ur          , Uu^Vu       , Uh          , Uu          , Uh          , Xu          , Xu          , Xu          
Xu          , Xu          , Xu          , Uu          , Re          , Uu          , Uu          , Xu          , Xu          , Xu          , Uu^Uf       , Uu          , Ur          , Re          , Re          , Re          , Re          , Re          , Uu          , Xu          , Xu          , Xu          , Xu          , Xu          , Xu          , Xu          , Xu          , Xu          , Uh          , Uh          , Ce          , Ce          , Ce          , Ur          , Ur          , Ur          , Uu          , Uu          , Uh          , Uh          , Uh          , Uh          , Xu          , Xu          , Xu          , Xu          
Xu          , Xu          , Xu          , Uu          , Re          , Uu          , Uu          , Xu          , Xu          , Xu          , Uh          , Uu          , Uu          , Ur          , Re          , Re          , Re          , Re          , Uu          , Xu          , Xu          , Xu          , Xu          , Xu          , Xu          , Xu          , Xu          , Xu          , Uh          , Uh          , Ce          , 2 Ke        , Ce          , Uu          , Ur          , Uu          , Uu          , Uh          , Xu          , Xu          , Uh          , Uh          , Xu          , Xu          , Xu          , Xu          
Xu          , Xu          , Xu          , Uu          , Ur          , Ur          , Uu          , Xu          , Xu          , Uh          , Uh          , Uh          , Uu^Vu       , Uu          , Uu          , Re          , Re          , Re          , Uu          , Uu^Uf       , Uu^Uf       , Uh          , Uh          , Xu          , Xu          , Xu          , Xu          , Xu          , Uh          , Uh          , Uu          , Ce          , Uu          , Ur          , Uu          , Uu          , Uu          , Uu          , Xu          , Xu          , Xu          , Xu          , Xu          , Xu          , Xu          , Xu          
Xu          , Xu          , Xu          , Uu          , Re          , Ur          , Uu          , Xu          , Xu          , Uh          , Uh          , Uh          , Uu          , Uu          , Uh          , Ur          , Re          , Re          , Uu          , Uu          , Uu          , Uh          , Uh          , Uh          , Xu          , Xu          , Xu          , Xu          , Uh          , Uu          , Uu          , Uu          , Uu          , Ur          , Re          , Ur          , Re          , Uu          , Uu          , Xu          , Xu          , Xu          , Xu          , Xu          , Xu          , Xu          
Xu          , Xu          , Xu          , Uu          , Re          , Re          , Uh          , Xu          , Xu          , Xu          , Uh          , Uh          , Uu          , Uu          , Uu          , Ur          , Re          , Re          , Re          , Uu          , Uu          , Uh          , Uh          , Uh          , Xu          , Xu          , Xu          , Uh          , Uh          , Uh          , Uu          , Uu          , Re          , Re          , Ds          , Re          , Ds          , Re          , Re          , Uu          , Uu          , Xu          , Xu          , Xu          , Xu          , Xu          
Xu          , Xu          , Uh          , Uu          , Ur          , Ur          , Uh          , Xu          , Xu          , Xu          , Xu          , Uh          , Uu^Uf       , Uu          , Uu          , Ur          , Re          , Re          , Re          , Uu          , Uu          , Uu          , Uu          , Uh          , Xu          , Xu          , Xu          , Xu          , Xu          , Uh          , Uh          , Uu          , Uu          , Re          , Ds          , Ds          , Ds          , Ds          , Ds          , Re          , Ur          , Uu^Uf       , Uh          , Uh          , Xu          , Xu          
Xu          , Xu          , Uh          , Uu          , Re          , Ur          , Uh          , Xu          , Xu          , Xu          , Xu          , Uh          , Uu          , Uu          , Uu          , Ur          , Re          , Re          , Re          , Uu          , Uu          , Uu          , Uu          , Uu^Uf       , Xu          , Xu          , Xu          , Xu          , Xu          , Xu          , Xu          , Uh          , Uh          , Re          , Re          , Ds          , Ds          , Ds          , Ds          , Re          , Re          , Uu          , Uh          , Uh          , Xu          , Xu          
Xu          , Xu          , Xu          , Uh          , Uu          , Ur          , Uh          , Uh          , Xu          , Xu          , Xu          , Uu          , Uu          , Uu          , Uu          , Uu          , Ur          , Re          , Re          , Uu          , Uu^Vyb      , Uu          , Uu          , Uu          , Uu          , Xu          , Uu^Uf       , Xu          , Xu          , Xu          , Xu          , Xu          , Uh          , Uu          , Uu          , Re          , Re          , Ds          , Re          , Re          , Uu          , Uu          , Uh          , Xu          , Xu          , Xu          
Xu          , Xu          , Xu          , Uh          , Uu          , Ur          , Uu          , Uh          , Xu          , Xu          , Xu          , Uu^Uf       , Uu^Uf       , Uu          , Uu          , Uu          , Uu          , Uu          , Uu          , Uu          , Uu          , Uu          , Uu          , Uu          , Uu^Dr       , Xu          , Uu^Vu       , Uu^Uf       , Uu^Uf       , Xu          , Xu          , Xu          , Xu          , Uh          , Uh          , Ur          , Re          , Re          , Uu          , Uu          , Uu          , Uu^Vu       , Uh          , Xu          , Xu          , Xu          
Xu          , Xu          , Xu          , Uh          , Uu          , Re          , Re          , Uu          , Xu          , Xu          , Xu          , Uu^Uf       , Uu^Uf       , Uu          , Uu          , Uu          , Uu          , Ur          , Ur          , Re          , Re          , Uu          , Uu          , Uu          , Xu          , Xu          , Uu          , Uu^Uf       , Uu^Uf       , Uu^Uf       , Uu^Uf       , Xu          , Xu          , Xu          , Xu          , Uu          , Ur          , Ur          , Xu          , Uu          , Uu          , Uu          , Uh          , Uh          , Xu          , Xu          
Xu          , Xu          , Xu          , Uh          , Uu          , Re          , Uu          , Uu          , Xu          , Xu          , Xu          , Uh          , Uh          , Uu^Uf       , Uu^Uf       , Uu          , Uu          , Uh          , Ww          , Uu          , Re          , Uu          , Xu          , Xu          , Xu          , Xu          , Xu          , Uu          , Uu          , Uu          , Uu          , Xu          , Xu          , Xu          , Xu          , Uu          , Ur          , Xu          , Xu          , Xu          , Uu          , Uu          , Xu          , Xu          , Xu          , Xu          
Xu          , Xu          , Xu          , Uu          , Uu          , Ur          , Uu          , Uu          , Xu          , Xu          , Xu          , Uh          , Uh          , Uu^Uf       , Ww          , Ww          , Ww          , Ww          , Wo          , Ww          , Ww^Bw|      , Xu          , Xu          , Xu          , Xu          , Xu          , Xu          , Uu          , Uu          , Uu          , Uu^Vu       , Xu          , Xu          , Xu          , Uu^Uf       , Uu          , Ur          , Xu          , Xu          , Xu          , Uu          , Uh          , Xu          , Xu          , Xu          , Xu          
Xu          , Xu          , Xu          , Uh          , Uu          , Re          , Uu          , Uu^Uf       , Xu          , Xu          , Xu          , Uh          , Ww          , Ww          , Wo          , Wo          , Wo          , Wo          , Wo          , Ww          , Wo          , Xu          , Xu          , Xu          , Xu          , Xu          , Uh          , Uh          , Uu          , Uu          , Uu          , Xu          , Xu          , Xu          , Uu^Uf       , Uu          , Ur          , Xu          , Xu          , Xu          , Uu          , Uh          , Uh          , Xu          , Xu          , Xu          
Xu          , Xu          , Xu          , Uh          , Uu          , Ur          , Uu          , Uu          , Xu          , Xu          , Xu          , Xu          , Wo          , Wo          , Wo          , Wo          , Wo          , Wo          , Wo          , Wo          , Wo          , Xu          , Uh          , Uh          , Uh          , Uh          , Uh          , Uu          , Uu          , Uu          , Uu^Uf       , Xu          , Xu          , Xu          , Uu^Uf       , Uu          , Ur          , Uu          , Uu          , Uu          , Uu          , Uh          , Uh          , Xu          , Xu          , Xu          
Xu          , Xu          , Uh          , Uh          , Uu          , Re          , Uu          , Uh          , Uh          , Xu          , Xu          , Xu          , Re^Xo       , Wo          , Wo          , Wo          , Ww          , Wo          , Ww          , Re^Xo       , Ww          , Ww          , Uh          , Uh          , Uh          , Uh          , Uu          , Uu          , Uu          , Uu          , Uu^Uf       , Xu          , Xu          , Xu          , Uu^Uf       , Uu          , Uu          , Ur          , Ur          , Uu          , Uu          , Uu          , Uh          , Xu          , Xu          , Xu          
Xu          , Xu          , Xu          , Uu          , Uu          , Ur          , Uu          , Uh          , Uh          , Xu          , Xu          , Xu          , Ww          , Ww          , Ww          , Ww          , Xu          , Ww          , Ur          , Uu          , Uu          , Uh          , Uu          , Uh          , Uu          , Uu          , Uu          , Uu          , Uu          , Uu^Uf       , Uu^Uf       , Xu          , Xu          , Xu          , Uu^Uf       , Uu^Uf       , Uu          , Ur          , Ur          , Ur          , Uu          , Uh          , Uh          , Xu          , Xu          , Xu          
Xu          , Xu          , Xu          , Uu          , Uu          , Re          , Re          , Uh          , Xu          , Xu          , Xu          , Xu          , Uu^Uf       , Ww          , Uu^Uf       , Xu          , Xu          , Xu          , Uh          , Ur          , Ur          , Uu          , Uu          , Uu          , Uu          , Uu          , Uu          , Uu          , Uu          , Uu^Uf       , Xu          , Xu          , Xu          , Xu          , Uu          , Uu          , Uu          , Uu          , Xu          , Ur          , Ur          , Uh          , Uh          , Xu          , Xu          , Xu          
Xu          , Xu          , Xu          , Uh          , Uu          , Re^Vct      , Ur          , Uu          , Xu          , Xu          , Xu          , Xu          , Uu^Uf       , Uu^Uf       , Uh          , Xu          , Xu          , Xu          , Uh          , Uh          , Uu          , Ur          , Uu          , Uu^Vyb      , Uu          , Uu          , Uu          , Uu          , Xu          , Xu          , Xu          , Xu          , Xu          , Uh          , Uu^Uf       , Uu          , Xu          , Xu          , Xu          , Xu          , Uu          , Ur          , Uh          , Xu          , Xu          , Xu          
Xu          , Xu          , Xu          , Ce          , Ce          , Uu          , Ur          , Uu          , Xu          , Xu          , Xu          , Xu          , Uu^Uf       , Uu          , Uu          , Uh          , Uh          , Uh          , Uh          , Uh          , Uu          , Ur          , Uu          , Uu          , Uu          , Uu          , Xu          , Xu          , Xu          , Xu          , Xu          , Xu          , Xu          , Uh          , Uh          , Uu          , Xu          , Xu          , Xu          , Xu          , Uu          , Ur          , Uu          , Xu          , Xu          , Xu          
Xu          , Xu          , Xu          , Ke          , Uh          , Uu          , Re^Vct      , Uu          , Uu^Uf       , Xu          , Xu          , Xu          , Uu          , Uu          , Uu          , Uh          , Uu^Uf       , Uh          , Uu^Uf       , Uu^Uf       , Uu          , Ur          , Uu          , Uu          , Uu          , Uu          , Xu          , Xu          , Xu          , Xu          , Xu          , Xu          , Uu          , Uh          , Uu          , Uu          , Xu          , Xu          , Xu          , Xu          , Uu          , Ur          , Uu          , Xu          , Xu          , Xu          
Xu          , Xu          , Uh          , Ce          , Uh          , Uu          , Ur          , Uu          , Uu          , Xu          , Xu          , Xu          , Uh          , Uh          , Uu          , Uu          , Uu          , Uu          , Uu          , Uu          , Uu          , Re          , Uu          , Uh          , Uu          , Uu          , Xu          , Xu          , Xu          , Xu          , Uh          , Uh          , Uu          , Uu          , Uu          , Uu          , Xu          , Xu          , Xu          , Xu          , Uu          , Ur          , Uu          , Xu          , Xu          , Xu          
Xu          , Xu          , Xu          , Uu          , Uu          , Uu          , Ur          , Uu          , Uu          , Xu          , Xu          , Xu          , Xu          , Uh          , Uh          , Uu          , Uu          , Uu          , Uu^Vu       , Uu          , Ur          , Re          , Uu          , Uu          , Uu          , Xu          , Xu          , Xu          , Uh          , Uh          , Uu^Uf       , Uu^Uf       , Uu          , Uu          , Uu          , Uh          , Uh          , Xu          , Xu          , Xu          , Uu          , Ur          , Uu          , Xu          , Xu          , Xu          
Xu          , Xu          , Xu          , Xu          , Uu          , Uu          , Re          , Ur          , Uu          , Xu          , Xu          , Xu          , Xu          , Uh          , Uh          , Uu          , Uu          , Uu          , Uu          , Ur          , Uu          , Ur          , Ur          , Uu          , Uu          , Xu          , Xu          , Uh          , Uh          , Uu^Uf       , Uu          , Uu          , Ur          , Uu          , Uu^Uf       , Uh          , Uh          , Uh          , Uh          , Uu          , Uu          , Ur          , Uu^Vu       , Xu          , Xu          , Xu          
Xu          , Xu          , Xu          , Xu          , Uu          , Uu          , Re          , Ur          , Uu          , Uu          , Xu          , Xu          , Xu          , Xu          , Uh          , Uu^Uf       , Uh          , Uu          , Uu          , Uu          , Uh          , Uu          , Uu          , Ur          , Ur          , Uh          , Uh          , Uh          , Uu          , Uu          , Ur          , Ur          , Uu          , Ur          , Ur          , Ur          , Ur          , Uh          , Uh          , Uu          , Uu          , Ur          , Uu          , Xu          , Xu          , Xu          
Uu          , Xu          , Xu          , Xu          , Uu          , Uu          , Uu          , Ur          , Uu          , Uu          , Uu          , Xu          , Xu          , Xu          , Uh          , Uh          , Uh          , Uu^Uf       , Uu^Uf       , Uu          , Uh          , Uh          , Uh          , Uu          , Uu^Uf       , Ur          , Ur          , Uu          , Ur          , Ur          , Uu          , Uu          , Uh          , Uu          , Uu          , Ur          , Ur          , Ur          , Ur          , Uu^Uf       , Ur          , Ur          , Uu          , Xu          , Xu          , Xu          
Rr          , Xu          , Xu          , Xu          , Uu          , Uu          , Uu          , Ur          , Uu          , Uu          , Uu          , Xu          , Xu          , Xu          , Uh          , Uh          , Uh          , Uh          , Xu          , Xu          , Xu          , Uh          , Xu          , Uh          , Uh          , Uu          , Ur          , Uu          , Xu          , Uu          , Xu          , Uu^Uf       , Xu          , Uh          , Uh          , Uu          , Uu          , Ur          , Uu^Vyb      , Ur          , Uu          , Uu          , Uu          , Xu          , Xu          , Xu          
Rr          , Rr          , Xu          , Xu          , Xu          , Uu          , Uu          , Ur          , Uu          , Uu          , Uu          , Xu          , Xu          , Xu          , Xu          , Uh          , Uh          , Xu          , Xu          , Xu          , Xu          , Xu          , Xu          , Xu          , Uu^Uf       , Uu          , Ur          , Xu          , Xu          , Xu          , Xu          , Xu          , Xu          , Xu          , Xu          , Uh          , Uh          , Uu          , Uu          , Re          , Uu          , Re          , Uu          , Xu          , Xu          , Xu          
Rr          , Rr          , Xu          , Xu          , Xu          , Uu          , Uu          , Re          , Ur          , Uu          , Uu          , Xu          , Xu          , Xu          , Xu          , Xu          , Xu          , Xu          , Xu          , Xu          , Xu          , Xu          , Xu          , Xu          , Uu^Uf       , Uu          , Ur          , Xu          , Xu          , Xu          , Xu          , Xu          , Xu          , Xu          , Xu          , Uh          , Xu          , Uh          , Uh          , Uu          , Uu          , Uu          , Uu^Uf       , Xu          , Xu          , Xu          
Rr          , Rr          , Xu          , Xu          , Xu          , Uu          , Uu          , Uu          , Uu          , Ur          , Uu          , Uu          , Uu          , Xu          , Xu          , Xu          , Xu          , Xu          , Xu          , Xu          , Xu          , Uh          , Uu^Uf       , Uu^Uf       , Uu          , Uu          , Ur          , Uu          , Uh          , Xu          , Uh          , Xu          , Uh          , Xu          , Xu          , Xu          , Xu          , Xu          , Uh          , Uu          , Uu          , Uu          , Uu^Uf       , Xu          , Xu          , Xu          
Rr          , Rr          , Xu          , Xu          , Xu          , Uu          , Uu          , Uh          , Uu^Dr       , Ur          , Uu          , Uu          , Uu          , Uu          , Xu          , Xu          , Xu          , Xu          , Xu          , Xu          , Xu          , Uh          , Uu          , Uu          , Uu          , Uu          , Ur          , Ur          , Uu          , Uh          , Uh          , Uh          , Uh          , Xu          , Xu          , Xu          , Xu          , Xu          , Uh          , Uu          , Uu          , Uu          , Uu^Uf       , Xu          , Xu          , Xu          
Rr          , Rr          , Uh          , Xu          , Uu^Dr       , Uh          , Uu^Dr       , Uu          , Uu          , Uu          , Re          , Uu          , Uu          , Uu          , Uu          , Xu          , Xu          , Xu          , Xu          , Xu          , Xu          , Uh          , Uu          , Uu          , Uu          , Uh          , Uu          , Ur          , Uu          , Uu^Uf       , Uu          , Uh          , Uh          , Xu          , Xu          , Xu          , Xu          , Uh          , Uh          , Uh          , Uu          , Uu          , Uu          , Xu          , Xu          , Xu          
Rr          , Rr          , Rr          , Uh          , Uh^Dr       , 3 Uu        , Uh          , Uh          , Uu          , Uu^Dr       , Uu          , Uu          , Uu          , Uh          , Uu          , Uu          , Uu          , Xu          , Xu          , Xu          , Xu          , Uh          , Uh          , Uu          , Uu          , Uu          , Ur          , Ur          , Uu          , Uu          , Uu          , Uu          , Uh          , Xu          , Xu          , Xu          , Xu          , Uh          , Uh          , Uu^Uf       , Uu          , Uu          , Uu^Vu       , Xu          , Xu          , Xu          
Rr          , Rr          , Rr^Dr       , Rr          , Rr          , Uu          , Xu          , Xu          , Xu          , Uu          , Uu          , Uu          , Uu          , Uh          , Uh          , Uu          , Uu          , Xu          , Xu          , Xu          , Xu          , Xu          , Xu          , Uh          , Uh          , Uu^Vu       , Uh          , Uu          , Uu^Uf       , Uu^Uf       , Uu          , Uu          , Uu          , Uh          , Uh          , Xu          , Uu          , Uu          , Uu          , Uu          , Uu          , Uu          , Uu^Uf       , Xu          , Xu          , Xu          
Rr          , Rr          , Rr          , Rr          , Rr^Dr       , Rr          , Xu          , Xu          , Xu          , Uu          , Uu          , Uh          , Uh          , Uh          , Uh          , Uh          , Uh          , Uu          , Uu          , Xu          , Xu          , Xu          , Xu          , Uh          , Uh          , Uh          , Xu          , Uh          , Xu          , Uu^Uf       , Xu          , Uu          , Uu          , Uu          , Uu          , Uu          , Uu^Uf       , Uu          , Uu^Uf       , Uu^Uf       , Uu^Uf       , Uu^Uf       , Uu^Uf       , Xu          , Xu          , Xu          
Rr          , Rr          , Rr          , Rr          , Rr          , Rr          , Rr          , Xu          , Xu          , Xu          , Xu          , Uh          , Uh          , Uu^Vu       , Uh          , Uh          , Uh          , Uh          , Uh          , Uu          , Xu          , Xu          , Xu          , Xu          , Xu          , Xu          , Xu          , Xu          , Xu          , Xu          , Xu          , Xu          , Xu          , Xu          , Xu          , Xu          , Xu          , Xu          , Xu          , Xu          , Xu          , Xu          , Xu          , Xu          , Xu          , Xu          
Rr          , Rr          , Rr          , Rr          , Rr          , Rr          , Rr          , Xu          , Xu          , Xu          , Xu          , Xu          , Uh          , Uh          , Uh          , Uh          , Uh          , Uh          , Uh          , Uh          , Xu          , Xu          , Xu          , Xu          , Xu          , Xu          , Xu          , Xu          , Xu          , Xu          , Xu          , Xu          , Xu          , Xu          , Xu          , Xu          , Xu          , Xu          , Xu          , Xu          , Xu          , Xu          , Xu          , Xu          , Xu          , Xu          
